# Environment
Emuera.NET 0.2.6.0
ShinEraTenseiP 0.5.9

# Log

[  0] 2026/09/21 20:01:06 1173TURN 주인:알 LV10 ［E / N］  Ver0.5.9 【5:38】
[  1] ----
[  2] ----
[  3] ----
[  4] ----
[  5] ----
[  6] ----
[  7] ----
[  8] ----
[  9] ----
[ 10] ----
[ 11] ----
[ 12] ----
[ 13] ----
[ 14] ----
[ 15] ----
[ 16] ----
[ 17] ----
[ 18] ----
[ 19] 2026/09/25 12:59:21   1TURN 주인:당신 LV99 ［N / N］  Ver0.5.9 【0:01】
-----------------------------------------------------------------------------------------------------------------------------------------------------------------------
[300] 2026/09/24 22:32:31   1TURN 주인:당신 LV99 ［N / N］  Ver0.5.9 【0:01】
-----------------------------------------------------------------------------------------------------------------------------------------------------------------------
[1000] 이전페이지         [1001] 돌아간다           [1002] 다음페이지         
[1004] 통상영역           [1005] 던전내영역         [1006] 자동세이브영역     
0
-----------------------------------------------------------------------------------------------------------------------------------------------------------------------
個我の거유女子高生のNO(キャラクター番号)と識別名にずれがあります。
以下の選択肢のうち、正しいキャラクター番号になるほうを指定してください。
[0] 無名の高校生
[1] 무명의고등학생
-----------------------------------------------------------------------------------------------------------------------------------------------------------------------
1
-----------------------------------------------------------------------------------------------------------------------------------------------------------------------
名の知れたアイドルのNO(キャラクター番号)と識別名にずれがあります。
以下の選択肢のうち、正しいキャラクター番号になるほうを指定してください。
[0] 無名の中学生
[1] 무명의중학생
-----------------------------------------------------------------------------------------------------------------------------------------------------------------------
1
-----------------------------------------------------------------------------------------------------------------------------------------------------------------------
不思議系女子中学生のNO(キャラクター番号)と識別名にずれがあります。
以下の選択肢のうち、正しいキャラクター番号になるほうを指定してください。
[0] 無名の中学生
[1] 무명의중학생
-----------------------------------------------------------------------------------------------------------------------------------------------------------------------
1
=======================================================================================================================================================================
[500] 대기표시전환 [501] 1행표시 [502] 2행표시 [503] 3행표시 [504] 위치변경 　현재 월령：7/8 ＯＬＤ ＭＯＯＮ
-----------------------------------------------------------------------------------------------------------------------------------------------------------------------
 
 
 
 
 
 
 
 
 

1173턴 째　               7/8 ＯＬＤ ＭＯＯＮ       목표금액：￥0　　　조교가능횟수：6
-----------------------------------------------------------------------------------------------------------------------------------------------------------------------
 
 
 
 
 

-----------------------------------------------------------------------------------------------------------------------------------------------------------------------
『인간』 알 아자링                       　　　　　
ＭＡＧ   ▅▅▅▅▅▅▅▅▅▅▅▅▅▅▅▅▅▅▅▅▅▅▅▅▅▅▅▅▅▅▅▅▅▅▅▅▅▅▅▅▅▅▅▅ (    16,847/    99,000)
ＣＯＭＰ ▋▋▋▋                                         (0/4)
동료마：10 / 24                                       소지금：￥0 / 31,745마카
=======================================================================================================================================================================
RPG\イベント\EVENT_34_カードサマナー\CARD_BATTLE\CARD_DATA\CARD_DATA_2ND.ERB at line 2025. An Error has occurred.
Emuera Version: Emuera.NET 0.2.6.0
  Game Version: ShinEraTenseiP 0.5.9
CARD_DATE_S:CBS_COMMENTARY = 적 동료악마 1체를 처치한다. 성공률 2/6 (33%). 『삼국지에서 조조가 찬양한 명검. 어떤 쇠붙이도 단칼에 베어냈다고 전해진다』
Error description: (' is not closed
Function: @CARD_DATA_2ND（file:RPG\イベント\EVENT_34_カードサマナー\CARD_BATTLE\CARD_DATA\CARD_DATA_2ND.ERB in line 1）
Function call stack:
↑RPG\イベント\EVENT_34_カードサマナー\CARD_BATTLE\CARD_DATA\CARD_DATA_GET.ERB at line 8（function@CARD_DATA_GET）
↑RPG\イベント\EVENT_34_カードサマナー\EVENT_34_カードサマナー.ERB at line 47（function@PLAYABLE_EVENT_34）
↑RPG\イベント\EVENT_SHOPCOM.ERB at line 23（function@SHOPCOMABLE_105）
↑ＳＨＯＰ関連\SHOP.ERB at line 369（function@SHOW_SHOP）
※※※Log file emuera.log has been created. Please provide stacktrace or save data with steps to reproduce to help fix it※※※
