# Environment
Emuera.NET 0.2.6.0
ShinEraTenseiP 0.5.9

# Log

-----------------------------------------------------------------------------------------------------------------------------------------------------------------------
=======================================================================================================================================================================
★★★게임 시작 전에 각종 옵션을 설정할 수 있습니다★★★
=======================================================================================================================================================================
 
■기본
[ 0] 조교난이도                     현재의설정:NORMAL
[ 1] 전투난이도                     현재의설정:NORMAL
[ 2] 전투옵션설정　　　　　　　　　　　　
 
■추가요소
[ 3] 스리사이즈기능               현재의설정:이용하지 않는다
 
■게임밸런스 대폭 변경
[ 4] 강화 옵션 설정             현재의설정:OFF
 
■제한플레이
[80] 저주의레드카펫              현재의설정:OFF(디폴트)
[81] 던전재진입금지                현재의설정:OFF(디폴트)
 
■개발자용
[91] DEBUG MODE                     현재의설정:ON
 
 
 
[99] 설정완료
99
★★EXTRA이벤트(메가텐계 이외의 이벤트)의 설정을 선택해주세요★★
[0] 없음
설명　：메가텐계 이외의 이벤트 발생을 허가하지 않습니다。
　　　　또한 일부 던전의 출현악마에 대해서도 메가텐계가 이외의 출현을 억제합니다。
[1] 있음
설명　：메가텐계 이외의 이벤트 발생을 허가합니다。
　　　　또한 일부 던전의 출현악마에 대해서도 메가텐계가 이외의 출현을 허가합니다。
1
★★EXTRA이벤트를 개별적으로 선택할 수 있습니다★★
[1] 슈퍼로봇대전 시리즈＆무한의 프론티어
[2] 데몬패러사이트
[3] 멜티블러드
[4] ＦＡＴＥ
[5] 마법소녀 마도카☆마기카
[6] 동방Project
[7] 아이돌마스터
[8] 유☆희☆왕
[9] 인터넷 밈（절 태생의 T씨）
[10]도시전설
[12]치이카와
[13]소녀☆가극 레뷰 스타라이트
[14]세븐스 드래곤
[15]Helltaker
[16]Rabi-Ribi
[17]아카츠키 전광전기
[18]하얀 강철의 X / X2
[19]아머드・코어 시리즈
[20]도쿄마인학원
[21]건퍼레이드・마치
[23]용철의 마르푸샤
[24]DemonsRoots
[25]Needy Girl Overdose
[26]대마인
[96]2차창작
[97]유저투고
 
[99]설정완료
[100] 해설 On
99
당신의 성별은？
[0]♂                     [1]♀                     [2]오토코노코             [3]후타나리               
0
성별：♂로 시작합니다
 
당신의 체형은？
[0]보통
[1]작다
[2]요정 사이즈
[3]큰체형
[4]거인 사이즈
[5]오오미츠누 사이즈
[6]야소마가츠 사이즈
[7]구두룡 사이즈
0
 
당신의 취향은？
[0]남자든 여자든 다 가능한 축입니다
[1]여악마들을 조교하고 싶은 정도의 흥미는 가지고 있습니다
[2]사내자식 따위에 닿으면 두드러기가…！
[3]실은 저、여성 알레르기예요！
0
 
경험은 있어？
[0]실은 동정입니다。
[1]딱지는 뗐습니다。
[2]경험은 풍부합니다
[3]색마는 칭찬입니다
0
 
성적인 경험을 상세히 설정하겠습니까？
[0] Yes
[1] No
1
당신의 표면상의 직업을 변경하시겠습니까？ 선택한 직업에 따라 초기 복장이 변경됩니다。
[0] Yes
[1] No
1
<shape type='rect' param='0, 760, 8350, 500' color='#2F2A20'>
<shape type='rect' param='0, 1650, 8350, 500' color='#2F2A20'>
<shape type='rect' param='0, 2550, 8350, 500' color='#2F2A20'>
=======================================================================================================================================================================
당신은 결국 어떤 사람입니까？
※이 게임은 기본적으로 플레이어가 서머너라는 전제 하에 제작되었습니다。
　서머너 이외의 게임 난이도나 일관성 등에 대해서는 어느 정도까지만 고려되어 있습니다。
=======================================================================================================================================================================
[ 0] 데빌서머너        난이도:☆☆                                                                                                                                     
　　최고 수준의 동료마를 다루는 능력을 지닌 악마 소환사입니다。                                                                                                        
　　ＭＰ를 보유하지 않아、스킬을 사용할 수 없지만 대신 아이템이나 총기를 활용한 뛰어난 지원능력과 강력한 일반공격이 가능합니다。                                       
　　전투요원으로서 ＭＰ에 구애받지 않고 높은 지속 전투능력을 갖추고 있다는 점이 큰 장점입니다。                                                                        
-----------------------------------------------------------------------------------------------------------------------------------------------------------------------
[ 1] 이능자            난이도:☆☆☆                                                                                                                                   
　　스킬을 사용하여 싸울 수 있는 능력자입니다。２가지 인간 클래스를 선택하여 성능을 커스터마이즈 가능합니다。                                                          
　　인간으로서 스탠다드한 성능에 더해、스킬 보유 수 증가를 기본으로 가지고 있으며、                                                                                    
　　유연성이 뛰어나고、다루기 쉬운 것이 특징입니다。                                                                                                                   
-----------------------------------------------------------------------------------------------------------------------------------------------------------------------
[ 2] 페르소나구사자    난이도:☆☆☆☆                                                                                                                                 
　　페르소나를 교체함으로써 다양한 스킬을 폭넓게 다룰 수 있는 이능자입니다。                                                                                           
　　순수하게 선택의 폭이 넓고、상황에 따라 공격형이나 방어형 성능을 전환하며 싸울 수 있는 것이 강점입니다。                                                            
　　하지만、시스템적으로 다소 복잡하고、잘 싸우기 위한 준비과정이 번거로워、게임에 익숙해지는 것이 필요합니다。                                                        
-----------------------------------------------------------------------------------------------------------------------------------------------------------------------
[ 3] 데빌시프터        난이도:☆☆☆☆                                                                                                                                 
　　변신능력과 링크능력을 갖춘 능력자입니다。                                                                                                                          
　　악마로 변신하여 스킬을 사용할 수 있으며、또한 동료마와 링크하여 그 능력을 사용할 수 있습니다。                                                                     
　　변신 클래스로서 인간 형태는 약한 편이지만、링크할 동료마를 준비함으로써 다양한 운용이 가능해집니다。                                                               
-----------------------------------------------------------------------------------------------------------------------------------------------------------------------
[ 4] 아웃사이더        난이도:☆☆☆                                                                                                                                   
　　변신능력을 가진 능력자입니다。                                                                                                                                     
　　데빌시프터와 달리、변신 대상을 바꿀 수 없지만 그 대신 인간 형태가 강력합니다。                                                                                     
　　잘 다루려면 자유롭게 형태를 변화시킬 수 있는 점을 활용해야 할 것입니다。                                                                                           
-----------------------------------------------------------------------------------------------------------------------------------------------------------------------
[ 5] 식노              난이도:☆☆☆☆                                                                                                                                 
　　특수 변신능력자로 평상시에는 스킬을 사용할 수 없는 인간이지만、변신 후에는 악마가 됩니다。                                                                         
　　인간 상태에서는 총을 메인으로 싸우며、악마 상태에서는 독자적인 시스템인 만트라를 이용해 스킬을 습득합니다。                                                        
　　악마 상태에서、스킬을 한 번 습득하면 커스터마이징하기 쉬운 점이 강점입니다。                                                                                       
=======================================================================================================================================================================
[100] PAGE.0　　　　　[101] PAGE.1　　　　　[200] 힌트
=======================================================================================================================================================================
0
=======================================================================================================================================================================
◆데빌서머너
-----------------------------------------------------------------------------------------------------------------------------------------------------------------------
　악마 소환 프로그램이 인스톨된 단말을 사용해 악마를 사역하는 악마소환사。
　소환기는 소환 절차나 제물의 번거로움을 없앨 뿐만 아니라、인스톨소프트를 통해 악마를 강화할 수도 있다。
　기본적으로는 이능력을 지니지 않지만、악마와 맞서기 위해 다양한 기술에 능통한 경우가 많다。
 
-----------------------------------------------------------------------------------------------------------------------------------------------------------------------
◆특성
-----------------------------------------------------------------------------------------------------------------------------------------------------------------------
□기술
　마법이나 특기를 ＳＫＩＬＬ로 사용할 수는 없지만、4개 까지 자동효과를 습득할 수 있다。
　계승소질과 무관한 스킬카드를 사용해 스킬을 습득할 수 있다。
□장비적성
　장비를 이용함으로써 능력 강화 등의 혜택을 얻을 수 있다。
□동료강화
　다른 동료마를 강화함으로써、기본능력을 강화할 수 있다。
 
-----------------------------------------------------------------------------------------------------------------------------------------------------------------------
◆서브자질
-----------------------------------------------------------------------------------------------------------------------------------------------------------------------
□석세서
　악마를 재료로 만들어진 무기를 장비할 수 있다。
□도구지식 Lv3
　모든 아이템을 사용할 수 있다。
□건슬링거 Lv3
　모든 특수탄과 고도의 기술이 필요한 총기를 사용할 수 있다。
　총기를 장비하는 데 필요한 레벨이 5 낮아지며、필요한 스테이터스가 있는 경우에도 20% 감소한다。
　또한 사용에 전문지식이 필요한 강력한 총기를 사용할 수 있게 된다。
 
 
 
 
 
 
-----------------------------------------------------------------------------------------------------------------------------------------------------------------------
□해설
　이 게임에서 전통적으로 채택되어 온 기본적인 스타일입니다。
　높은 서머너 레벨 덕분에 강력한 인스톨소프트를 사용할 수 있고、파티 전체의 수준을 높일 수 있을 뿐만 아니라
　돈이 들긴 하지만、아이템과 총을 통해 안정적인 공격・지원・회복으로 폭넓게 싸울 수 있습니다。
　또한、마정검을 활용해 코스트 없이 상태이상이나 안정적인 범위 공격 요원으로 활약할 수 있습니다。
　스킬을 사용할 수는 없지만、단순히 스킬을 사용하는 것 이상으로 폭넓은 움직임이 가능하므로、확실히 파티에 기여할 수 있습니다。
-----------------------------------------------------------------------------------------------------------------------------------------------------------------------
□스타일 선택
　[1] 스타일Ａ　　　　　[2] 스타일Ｂ　　　　　[3] 스타일Ｃ　　　　　[4] 스타일Ｄ　　　　　
-----------------------------------------------------------------------------------------------------------------------------------------------------------------------
　[0] 결정　　　　　[9] 돌아간다
0
현재、주인의 명칭은 당신、애칭은 당신입니다
이름을 변경하시겠습니까？
[0]이대로
[1]변경한다
0
-----------------------------------------------------------------------------------------------------------------------------------------------------------------------
인간　　당신　　
　　LV  5　　　Neutral/Neutral
･･･････････････････････････････････････････････････････････････････････････････････
어느 능력을 올릴까？
나머지  0포인트
-----------------------------------------------------------------------------------------------------------------------------------------------------------------------
                            　　 +5 　　+10      +0
[1]   힘：   3(   3)【+  2】　　[11]　　[21]　　[31]
[2] 지혜：   3(   3)【+  2】　　[12]　　[22]　　[32]
[3] 마력：   3(   3)【+  2】　　[13]　　[23]　　[33]
[4] 내구：   3(   3)【+  2】　　[14]　　[24]　　[34]
[5] 속도：   3(   3)【+  2】　　[15]　　[25]　　[35]
[6]   운：   3(   3)【+  2】　　[16]　　[26]　　[36]
-----------------------------------------------------------------------------------------------------------------------------------------------------------------------
괜찮겠습니까？
[0] 네
[1] 아니오
0
오프닝을 보겠습니까？
[0] Yes
[1] No
1
 
처음에 획득할 노예를 선택해 주십시오.
[0] 남자
[1] 여자
[2] 필요없다
1
[0] 솔직하고 밝은 １５세 넷아이돌
[1] 포용력있는 ２３세 양호교사(거유)
[2] 미스터리한 분위기의 상사
[3] 역시 다른 성별
0
＞코마키 미도리 를 손에 넣었다
받은 노예를 전력으로 삼겠습니까？
[0] 네
[1] 아니오
0
그녀는 노리개가 되는 것보다는…이라며 마지못해 승낙했다
동정에게는 경험이 풍부한 악마가 지급됩니다
 
어떻게 답하겠습니까？
[0]좋다                   [1]좋지 않다              
0
경험이 풍부한 픽시를 골랐습니다.
 
＞소사이어티로부터 준비금으로 ￥3,000과、분말 같은 아이템、
＞그리고、「ＣＯＭＰ」가 배급되었다。
 
ＣＯＭＰ란、휴대형 컴퓨터 단말기의 총칭이다。
당신은(는) 즉시 기동하여、그 내용을 확인한다。
 
 
ＣＯＭＰ에는 악마소환 프로그램이 들어 있었다。
이것은 「악마」라고 불리는 신화 전승・삼라만상의 화신을 전자화……
즉 디지털 데빌화하여 다룰 수 있는、특수한 프로그램이다。
 
――도쿄에 악마가 날뛰기 시작한 지 얼마간의 시간이 흘렀다。
――의문의 「봉쇄」를 당한 시설들이、연일 뉴스로 오르내리고 있다。
――무너져가는 일상 속에서、팬텀・소사이어티의 구성원이 된 당신의 첫날이 시작되려 하고 있었다。
 
디버그용: 당신의 레벨、전 스탯이 99가 되었습니다
디버그용: 다음 인스톨 소프트를 손에 넣었다
「에너미소나」「허니・비」「백어퍼」「하쿠타로우」「캡스・락」「다크스캐너」
「게이트서치」「에너미바이바이」「에너미호이호이」「런런던전」
「싱크로나이즈기어」「어져스트먼트기어」「뮤테이션기어」「삼히타」
「프라이데이」「알버트」「스티븐」「파라켈수스」「코페르니쿠스」「라플라스」
　
ＣＯＭＰ 용량이 100이 되었습니다
디버그용: 5000만 엔・5000만 마카를 입수했습니다
향 99개 등의 아이템을 입수했습니다
디버그용: 노예로서 요정 픽시가 지급되었습니다
레벨 99, 능력치 99, 상성도 강력합니다.
상태이상이 완전히 통하지 않으므로 해당 부분을 테스트하실 때는 주의해 주십시오
디버그용: 운디네와 실프가 동료마가 되었습니다
┏>MESSAGE━━━━━━━━━━━━━━━━━━━━━━━━━━━━━━━━┓
┃의뢰【ＣＯＭＰ장인의 도움】이 출현！                                    ┃
┗━━━━━━━━━━━━━━━━━━━━━━━━━━━━━━━━━━━━┛
=======================================================================================================================================================================
[500] 대기표시전환 [501] 1행표시 [502] 2행표시 [503] 3행표시 [504] 위치변경 　현재 월령：ＮＥＷ ＭＯＯＮ
-----------------------------------------------------------------------------------------------------------------------------------------------------------------------
 
 
 
 

1턴 째　                  ＮＥＷ ＭＯＯＮ           목표금액：￥10,000　　　조교가능횟수：4
-----------------------------------------------------------------------------------------------------------------------------------------------------------------------
 
 
 
 
 

-----------------------------------------------------------------------------------------------------------------------------------------------------------------------
『인간』 당신                            　　　　　
ＭＡＧ   ▅▅▅▅▅▅▅▅▅▅▅▅▅▅▅▅▅▅▅▅▅▅▅▅▅▅▅▅▅▅▅▅▅▅▅▅▅▅▅▅▅▅▅▅ (     3,000/    15,750)
ＣＯＭＰ ▋▋▋▋▋▋▋▋▋▋▋▋▋▋▋▋▋▋▋▋▋▋▋▋▋▋▋▋▋▋▋▋▋▋▋▋▋▋▋▋▋▋▋▋ (0/100)
동료마： 4 /  8                                       소지금：￥50,003,000 / 50,000,000마카
=======================================================================================================================================================================
【RPG・진행】
[104] - 의뢰청부         
【캐릭터확인】
[301] - 능력확인         [302] - 캐릭터필터       [303] - 캐릭터정렬       
【DEBUG】
[188] - 던전용ERH작성    [190] - 능력치합계체크   [191] - 능력시산         
[192] - 노예추가         [193] - 스킬분포작성     [194] - 스킬카드목록작성 
[195] - 캐릭터데이터출력 [196] - Rename작성       [197] - 아이템정렬       
[199] - 악마목록화       [699] - 랜덤캐릭터테스트 
【시스템】
[200] - 세이브           [300] - 로드             [400] - 옵션             
[700] - 배드엔딩 기록 리셋[777] - 환생리스타트     [888] - 일기장.exe       
[998] - 악마조교전.exe   
1000200
[  0] ----
[  1] ----
[  2] ----
[  3] ----
[  4] ----
[  5] ----
[  6] ----
[  7] ----
[  8] ----
[  9] ----
[ 10] ----
[ 11] ----
[ 12] ----
[ 13] ----
[ 14] ----
[ 15] ----
[ 16] ----
[ 17] ----
[ 18] ----
[ 19] ----
-----------------------------------------------------------------------------------------------------------------------------------------------------------------------
[1000] 이전페이지         [1001] 돌아간다           [1002] 다음페이지         
[1004]세이브 데이터 메모작성
0
=======================================================================================================================================================================
[500] 대기표시전환 [501] 1행표시 [502] 2행표시 [503] 3행표시 [504] 위치변경 　현재 월령：ＮＥＷ ＭＯＯＮ
-----------------------------------------------------------------------------------------------------------------------------------------------------------------------
 
 
 
 

1턴 째　                  ＮＥＷ ＭＯＯＮ           목표금액：￥10,000　　　조교가능횟수：4
-----------------------------------------------------------------------------------------------------------------------------------------------------------------------
 
 
 
 
 

-----------------------------------------------------------------------------------------------------------------------------------------------------------------------
『인간』 당신                            　　　　　
ＭＡＧ   ▅▅▅▅▅▅▅▅▅▅▅▅▅▅▅▅▅▅▅▅▅▅▅▅▅▅▅▅▅▅▅▅▅▅▅▅▅▅▅▅▅▅▅▅ (     3,000/74,992,500)
ＣＯＭＰ ▋▋▋▋▋▋▋▋▋▋▋▋▋▋▋▋▋▋▋▋▋▋▋▋▋▋▋▋▋▋▋▋▋▋▋▋▋▋▋▋▋▋▋▋ (0/100)
동료마： 4 /  8                                       소지금：￥50,003,000 / 50,000,000마카
=======================================================================================================================================================================
【RPG・진행】
[104] - 의뢰청부         
【캐릭터확인】
[301] - 능력확인         [302] - 캐릭터필터       [303] - 캐릭터정렬       
【DEBUG】
[188] - 던전용ERH작성    [190] - 능력치합계체크   [191] - 능력시산         
[192] - 노예추가         [193] - 스킬분포작성     [194] - 스킬카드목록작성 
[195] - 캐릭터데이터출력 [196] - Rename작성       [197] - 아이템정렬       
[199] - 악마목록화       [699] - 랜덤캐릭터테스트 
【시스템】
[200] - 세이브           [300] - 로드             [400] - 옵션             
[700] - 배드엔딩 기록 리셋[777] - 환생리스타트     [888] - 일기장.exe       
[998] - 악마조교전.exe   
1000104
=======================================================================================================================================================================
[  1] - ＣＯＭＰ장인의 도움
[1000] 돌아간다
-----------------------------------------------------------------------------------------------------------------------------------------------------------------------
어느 의뢰를 받으시겠습니까？
1
-----------------------------------------------------------------------------------------------------------------------------------------------------------------------
 
비밀도시『만세이 렐름』、데빌서머너를 위한 가게가 늘어선 구역에
서머너의 생명이나 다름없는、ＣＯＭＰ의 개조와 강화를 맡아주는 가게가 있다。
이번에는 그 점장으로부터 팬텀・소사이어티에 대한 협력을 요청받았다。
내용상 신참 다크서머너라도 충분히 할 수 있으니、먼저 이 의뢰를 받아 자신의 유용성을 보여라。
 
-----------------------------------------------------------------------------------------------------------------------------------------------------------------------
이 의뢰를 받으시겠습니까？
[0] Yes
[1] No
0
=======================================================================================================================================================================
세이프하우스
  ￥50003000    스톡 용량: 4/8 사용 중
MAG:    3000    ＮＥＷ ＭＯＯＮ
 
 
 
 
 
 
 
 
 
 
 
 
 
 
 
 
 
 
=======================================================================================================================================================================


 
 
 
 
 
 
 
 
 
=======================================================================================================================================================================
=======================================================================================================================================================================
[500] 대기표시전환 [501] 1행표시 [502] 2행표시 [503] 3행표시 [504] 위치변경 　현재 월령：ＮＥＷ ＭＯＯＮ
-----------------------------------------------------------------------------------------------------------------------------------------------------------------------
 
 
 
 

1턴 째　                  ＮＥＷ ＭＯＯＮ           목표금액：￥10,000　　　조교가능횟수：4
-----------------------------------------------------------------------------------------------------------------------------------------------------------------------
 
 
 
 
 

-----------------------------------------------------------------------------------------------------------------------------------------------------------------------
『인간』 당신                            　　　　　
ＭＡＧ   ▅▅▅▅▅▅▅▅▅▅▅▅▅▅▅▅▅▅▅▅▅▅▅▅▅▅▅▅▅▅▅▅▅▅▅▅▅▅▅▅▅▅▅▅ (     3,000/74,992,500)
ＣＯＭＰ ▋▋▋▋▋▋▋▋▋▋▋▋▋▋▋▋▋▋▋▋▋▋▋▋▋▋▋▋▋▋▋▋▋▋▋▋▋▋▋▋▋▋▋▋ (0/100)
동료마： 4 /  8                                       소지금：￥50,003,000 / 50,000,000마카
=======================================================================================================================================================================
【RPG・진행】
[104] - 의뢰청부         [120] - SHOP             
【캐릭터확인】
[301] - 능력확인         [302] - 캐릭터필터       [303] - 캐릭터정렬       
【DEBUG】
[188] - 던전용ERH작성    [190] - 능력치합계체크   [191] - 능력시산         
[192] - 노예추가         [193] - 스킬분포작성     [194] - 스킬카드목록작성 
[195] - 캐릭터데이터출력 [196] - Rename작성       [197] - 아이템정렬       
[199] - 악마목록화       [699] - 랜덤캐릭터테스트 
【시스템】
[200] - 세이브           [300] - 로드             [400] - 옵션             
[700] - 배드엔딩 기록 리셋[777] - 환생리스타트     [888] - 일기장.exe       
[998] - 악마조교전.exe   
1000120
=======================================================================================================================================================================
만세이 렐름
  ￥50003000    스톡 용량: 4/8 사용 중
MAG:    3000    ＮＥＷ ＭＯＯＮ
 
 
 
 
 
 
 
 
 
 
 
 
 
 
 
 
 
 
=======================================================================================================================================================================


 
 
 
 
 
 
 
 
 
=======================================================================================================================================================================
-----------------------------------------------------------------------------------------------------------------------------------------------------------------------
SHOP
-----------------------------------------------------------------------------------------------------------------------------------------------------------------------

 
 
 
 
 

 
 
 
 
 

 
 
 
 
 

 
 
 
 
 
-----------------------------------------------------------------------------------------------------------------------------------------------------------------------
[9] 돌아간다
9
┏>MESSAGE━━━━━━━━━━━━━━━━━━━━━━━━━━━━━━━━┓
┃이벤트【이상한 손님】이 출현！                                          ┃
┗━━━━━━━━━━━━━━━━━━━━━━━━━━━━━━━━━━━━┛
=======================================================================================================================================================================
[500] 대기표시전환 [501] 1행표시 [502] 2행표시 [503] 3행표시 [504] 위치변경 　현재 월령：ＮＥＷ ＭＯＯＮ
-----------------------------------------------------------------------------------------------------------------------------------------------------------------------
 
 
 
 

1턴 째　                  ＮＥＷ ＭＯＯＮ           목표금액：￥10,000　　　조교가능횟수：4
-----------------------------------------------------------------------------------------------------------------------------------------------------------------------
 
 
 
 
 

-----------------------------------------------------------------------------------------------------------------------------------------------------------------------
『인간』 당신                            　　　　　
ＭＡＧ   ▅▅▅▅▅▅▅▅▅▅▅▅▅▅▅▅▅▅▅▅▅▅▅▅▅▅▅▅▅▅▅▅▅▅▅▅▅▅▅▅▅▅▅▅ (     3,000/74,992,500)
ＣＯＭＰ ▋▋▋▋▋▋▋▋▋▋▋▋▋▋▋▋▋▋▋▋▋▋▋▋▋▋▋▋▋▋▋▋▋▋▋▋▋▋▋▋▋▋▋▋ (0/100)
동료마： 4 /  8                                       소지금：￥50,003,000 / 50,000,000마카
=======================================================================================================================================================================
┏>MESSAGE━━━━━━━━━━━━━━━━━━━━━━━━━━━━━━━━┓
┃단발이벤트【정령지정도시의 가짜 빙술사】이(가) 출현！                   ┃
┗━━━━━━━━━━━━━━━━━━━━━━━━━━━━━━━━━━━━┛
┏>MESSAGE━━━━━━━━━━━━━━━━━━━━━━━━━━━━━━━━┓
┃단발이벤트【티없는 얼음의 정령】이(가) 출현！                           ┃
┗━━━━━━━━━━━━━━━━━━━━━━━━━━━━━━━━━━━━┛
┏>MESSAGE━━━━━━━━━━━━━━━━━━━━━━━━━━━━━━━━┓
┃단발이벤트【제3제국의 신병기】이(가) 출현！                             ┃
┗━━━━━━━━━━━━━━━━━━━━━━━━━━━━━━━━━━━━┛
┏>MESSAGE━━━━━━━━━━━━━━━━━━━━━━━━━━━━━━━━┓
┃단발이벤트【해후！ 이차원에서 온 떠돌이】이(가) 출현！                  ┃
┗━━━━━━━━━━━━━━━━━━━━━━━━━━━━━━━━━━━━┛
┏>MESSAGE━━━━━━━━━━━━━━━━━━━━━━━━━━━━━━━━┓
┃단발이벤트【아프로와 가희와 수수께끼의 하얀 악마】이(가) 출현！         ┃
┗━━━━━━━━━━━━━━━━━━━━━━━━━━━━━━━━━━━━┛
┏>MESSAGE━━━━━━━━━━━━━━━━━━━━━━━━━━━━━━━━┓
┃단발이벤트【취업활동 중인 신인 음마】이(가) 출현！                      ┃
┗━━━━━━━━━━━━━━━━━━━━━━━━━━━━━━━━━━━━┛
【RPG・진행】
[104] - 의뢰청부         [105] - 이벤트           [120] - SHOP             
【캐릭터확인】
[301] - 능력확인         [302] - 캐릭터필터       [303] - 캐릭터정렬       
【DEBUG】
[188] - 던전용ERH작성    [190] - 능력치합계체크   [191] - 능력시산         
[192] - 노예추가         [193] - 스킬분포작성     [194] - 스킬카드목록작성 
[195] - 캐릭터데이터출력 [196] - Rename작성       [197] - 아이템정렬       
[199] - 악마목록화       [699] - 랜덤캐릭터테스트 
【시스템】
[200] - 세이브           [300] - 로드             [400] - 옵션             
[700] - 배드엔딩 기록 리셋[777] - 환생리스타트     [888] - 일기장.exe       
[998] - 악마조교전.exe   
1000105
=======================================================================================================================================================================
[  6] - 이상한 손님                         
[1000] 돌아간다
-----------------------------------------------------------------------------------------------------------------------------------------------------------------------
어느 이벤트를 실행하시겠습니까？
6
=======================================================================================================================================================================
세이프하우스
  ￥50003000    스톡 용량: 4/8 사용 중
MAG:    3000    ＮＥＷ ＭＯＯＮ
 
 
 
 
 
 
 
 
 
 
 
 
 
 
 
 
 
 
=======================================================================================================================================================================


 
 
 
 
 
 
 
 
 
=======================================================================================================================================================================
┏>MESSAGE━━━━━━━━━━━━━━━━━━━━━━━━━━━━━━━━┓
┃10곳의 던전이 출현！                                                    ┃
┗━━━━━━━━━━━━━━━━━━━━━━━━━━━━━━━━━━━━┛
┏>MESSAGE━━━━━━━━━━━━━━━━━━━━━━━━━━━━━━━━┓
┃3건의 투기장이 출현！                                                   ┃
┗━━━━━━━━━━━━━━━━━━━━━━━━━━━━━━━━━━━━┛
┏>MESSAGE━━━━━━━━━━━━━━━━━━━━━━━━━━━━━━━━┓
┃13건의 이벤트가 출현！                                                  ┃
┗━━━━━━━━━━━━━━━━━━━━━━━━━━━━━━━━━━━━┛
┏>MESSAGE━━━━━━━━━━━━━━━━━━━━━━━━━━━━━━━━┓
┃15건의 의뢰가 들어왔습니다。                                            ┃
┗━━━━━━━━━━━━━━━━━━━━━━━━━━━━━━━━━━━━┛
=======================================================================================================================================================================
[500] 대기표시전환 [501] 1행표시 [502] 2행표시 [503] 3행표시 [504] 위치변경 　현재 월령：ＮＥＷ ＭＯＯＮ
-----------------------------------------------------------------------------------------------------------------------------------------------------------------------
 
 
 
 

1턴 째　                  ＮＥＷ ＭＯＯＮ           목표금액：￥10,000　　　조교가능횟수：4
-----------------------------------------------------------------------------------------------------------------------------------------------------------------------
 
 
 
 
 

-----------------------------------------------------------------------------------------------------------------------------------------------------------------------
『인간』 당신                            　　　　　
ＭＡＧ   ▅▅▅▅▅▅▅▅▅▅▅▅▅▅▅▅▅▅▅▅▅▅▅▅▅▅▅▅▅▅▅▅▅▅▅▅▅▅▅▅▅▅▅▅ (     3,000/74,992,500)
ＣＯＭＰ ▋▋▋▋▋▋▋▋▋▋▋▋▋▋▋▋▋▋▋▋▋▋▋▋▋▋▋▋▋▋▋▋▋▋▋▋▋▋▋▋▋▋▋▋ (0/100)
동료마： 4 /  8                                       소지금：￥50,003,000 / 50,000,200마카
=======================================================================================================================================================================
【RPG・진행】
[100] - 턴엔드           [101] - 탐색             [102] - 콜로세움참가     
[103] - 휴식             [104] - 의뢰청부         [105] - 이벤트           
[106] - 개별이벤트       [107] - 납금             [108] - 사교의관         
[109] - 벨벳룸           [110] - 셋업             [111] - 동료마강화       
[112] - 소지품확인       [116] - 아이템합성       [120] - SHOP             
【조교사】
[201] - 조교             [202] - 파트너변경       [203] - 조수변경         
[204] - 조교아이템구입   [205] - 조교능력상승     [206] - 노역/매각/경영   
[207] - ？？？？？       [208] - 의상방           [209] - ？？？？？       
[210] - 명칭/호칭변경    [212] - 요바이필터       [213] - 집회시킨다       
[214] - 교류한다         [215] - 전투훈련         
【캐릭터확인】
[301] - 능력확인         [302] - 캐릭터필터       [303] - 캐릭터정렬       
【DEBUG】
[188] - 던전용ERH작성    [190] - 능력치합계체크   [191] - 능력시산         
[192] - 노예추가         [193] - 스킬분포작성     [194] - 스킬카드목록작성 
[195] - 캐릭터데이터출력 [196] - Rename작성       [197] - 아이템정렬       
[199] - 악마목록화       [699] - 랜덤캐릭터테스트 
【시스템】
[200] - 세이브           [300] - 로드             [400] - 옵션             
[700] - 배드엔딩 기록 리셋[777] - 환생리스타트     [888] - 일기장.exe       
[998] - 악마조교전.exe   
1000200
[  0] 2026/09/26 17:44:51   1TURN 주인:당신 LV99 ［N / N］  Ver0.5.9 【0:00】
[  1] ----
[  2] ----
[  3] ----
[  4] ----
[  5] ----
[  6] ----
[  7] ----
[  8] ----
[  9] ----
[ 10] ----
[ 11] ----
[ 12] ----
[ 13] ----
[ 14] ----
[ 15] ----
[ 16] ----
[ 17] ----
[ 18] ----
[ 19] ----
-----------------------------------------------------------------------------------------------------------------------------------------------------------------------
[1000] 이전페이지         [1001] 돌아간다           [1002] 다음페이지         
[1004]세이브 데이터 메모작성
0
이미 데이터가 존재합니다。덮어쓰시겠습니까？
[0] 네
[1] 아니오
0
=======================================================================================================================================================================
[500] 대기표시전환 [501] 1행표시 [502] 2행표시 [503] 3행표시 [504] 위치변경 　현재 월령：ＮＥＷ ＭＯＯＮ
-----------------------------------------------------------------------------------------------------------------------------------------------------------------------
 
 
 
 

1턴 째　                  ＮＥＷ ＭＯＯＮ           목표금액：￥10,000　　　조교가능횟수：4
-----------------------------------------------------------------------------------------------------------------------------------------------------------------------
 
 
 
 
 

-----------------------------------------------------------------------------------------------------------------------------------------------------------------------
『인간』 당신                            　　　　　
ＭＡＧ   ▅▅▅▅▅▅▅▅▅▅▅▅▅▅▅▅▅▅▅▅▅▅▅▅▅▅▅▅▅▅▅▅▅▅▅▅▅▅▅▅▅▅▅▅ (     3,000/74,992,500)
ＣＯＭＰ ▋▋▋▋▋▋▋▋▋▋▋▋▋▋▋▋▋▋▋▋▋▋▋▋▋▋▋▋▋▋▋▋▋▋▋▋▋▋▋▋▋▋▋▋ (0/100)
동료마： 4 /  8                                       소지금：￥50,003,000 / 50,000,200마카
=======================================================================================================================================================================
【RPG・진행】
[100] - 턴엔드           [101] - 탐색             [102] - 콜로세움참가     
[103] - 휴식             [104] - 의뢰청부         [105] - 이벤트           
[106] - 개별이벤트       [107] - 납금             [108] - 사교의관         
[109] - 벨벳룸           [110] - 셋업             [111] - 동료마강화       
[112] - 소지품확인       [116] - 아이템합성       [120] - SHOP             
【조교사】
[201] - 조교             [202] - 파트너변경       [203] - 조수변경         
[204] - 조교아이템구입   [205] - 조교능력상승     [206] - 노역/매각/경영   
[207] - ？？？？？       [208] - 의상방           [209] - ？？？？？       
[210] - 명칭/호칭변경    [212] - 요바이필터       [213] - 집회시킨다       
[214] - 교류한다         [215] - 전투훈련         
【캐릭터확인】
[301] - 능력확인         [302] - 캐릭터필터       [303] - 캐릭터정렬       
【DEBUG】
[188] - 던전용ERH작성    [190] - 능력치합계체크   [191] - 능력시산         
[192] - 노예추가         [193] - 스킬분포작성     [194] - 스킬카드목록작성 
[195] - 캐릭터데이터출력 [196] - Rename작성       [197] - 아이템정렬       
[199] - 악마목록화       [699] - 랜덤캐릭터테스트 
【시스템】
[200] - 세이브           [300] - 로드             [400] - 옵션             
[700] - 배드엔딩 기록 리셋[777] - 환생리스타트     [888] - 일기장.exe       
[998] - 악마조교전.exe   
1000101
던전탐색 및 전투에 관한 튜토리얼을 받을 수 있습니다
던전은 하츠다이쉘터를 사용합니다
튜토리얼을 받지 않고 하츠다이쉘터를 클리어했을때와 진행상의 변화는 없지만 얻는 경험치와 아이템 등에 차이가 있습니다。
ShinEraTensei의 전투시스템은 다소 복잡하므로、RPG에 자신이 없을 경우 튜토리얼을 받아보시는 것을 권장합니다
튜토리얼을 받으시겠습니까？
[0] 네
[1] 아니오
1
-----------------------------------------------------------------------------------------------------------------------------------------------------------------------
[  1] 에코빌딩                          　(권장LV: 5　최저LV: 3　최고LV: 9　보스LV:10)
[  2] 카루코자카고교                    　(권장LV:12　최저LV:11　최고LV:17　보스LV:19)　　　再突入不能
[  3] 신주쿠위생병원                    　(권장LV: 8　최저LV: 5　최고LV:21　보스LV:21)　　　再突入不能
[  4] 정신세계                          　(권장LV:29　최저LV:32　최고LV:34　보스LV:45)　　　再突入不能
[  5] 대마궁                            　(권장LV:21　최저LV:19　최고LV:25　보스LV:30)　　　再突入不能
[  6] 콜로세움던전                      　(권장LV:18　최저LV:15　최고LV:17　보스LV:20)　　　再突入不能
[  7] 카루코자카상층                    　(권장LV:41　최저LV:38　최고LV:56　보스LV:80)　　　再突入不能
[  8] 경시청                            　(권장LV:38　최저LV:28　최고LV:38　보스LV:50)
[  9] 미카게쵸지하철역                  　(권장LV:15　최저LV:12　최고LV:15　보스LV:15)　　　再突入不能
[ 10] SEBEC빌딩                         　(권장LV:23　최저LV:20　최고LV:21　보스LV:25)　　　再突入不能
[ 11] 데바・유가                        　(권장LV:33　최저LV:30　최고LV:31　보스LV:50)　　　再突入不能
[ 12] 미혹의숲                          　(권장LV:38　최저LV:35　최고LV:42　보스LV:45)　　　再突入不能
[ 13] 로카파라 아지트                   　(권장LV:20　최저LV:18　최고LV:23　보스LV:28)
[ 15] 아키하바라빌딩                    　(권장LV:20　최저LV: 6　최고LV:17　보스LV:32)　　　再突入不能
[ 16] 시부야센터거리                    　(권장LV:25　최저LV:24　최고LV:28　보스LV:35)　　　再突入不能
[ 17] 이케부쿠로                        　(권장LV:30　최저LV:30　최고LV:35　보스LV:43)　　　再突入不能
[ 18] 우에노・가이아교본부              　(권장LV:33　최저LV:30　최고LV:36　보스LV:50)　　　再突入不能
[ 19] 아라야의동굴                      　(권장LV:48　최저LV:45　최고LV:55　보스LV: 0)　　　再突入不能
[ 20] 긴자대지하도                      　(권장LV:18　최저LV:15　최고LV:25　보스LV: 0)
[998] 샘플던전
-----------------------------------------------------------------------------------------------------------------------------------------------------------------------
[1002] 필터링 설정        [1010] 자동 필터링        [1011] 필터 전체 해제
-----------------------------------------------------------------------------------------------------------------------------------------------------------------------
[1000] 돌아간다
                          [1003] 다음페이지         
=======================================================================================================================================================================
[500] 대기표시전환 [501] 1행표시 [502] 2행표시 [503] 3행표시 [504] 위치변경 　현재 월령：ＮＥＷ ＭＯＯＮ
-----------------------------------------------------------------------------------------------------------------------------------------------------------------------
 
 
 
 

1턴 째　                  ＮＥＷ ＭＯＯＮ           목표금액：￥10,000　　　조교가능횟수：4
-----------------------------------------------------------------------------------------------------------------------------------------------------------------------
 
 
 
 
 

-----------------------------------------------------------------------------------------------------------------------------------------------------------------------
『인간』 당신                            　　　　　
ＭＡＧ   ▅▅▅▅▅▅▅▅▅▅▅▅▅▅▅▅▅▅▅▅▅▅▅▅▅▅▅▅▅▅▅▅▅▅▅▅▅▅▅▅▅▅▅▅ (     3,000/74,992,500)
ＣＯＭＰ ▋▋▋▋▋▋▋▋▋▋▋▋▋▋▋▋▋▋▋▋▋▋▋▋▋▋▋▋▋▋▋▋▋▋▋▋▋▋▋▋▋▋▋▋ (0/100)
동료마： 4 /  8                                       소지금：￥50,003,000 / 50,000,200마카
=======================================================================================================================================================================
【RPG・진행】
[100] - 턴엔드           [101] - 탐색             [102] - 콜로세움참가     
[103] - 휴식             [104] - 의뢰청부         [105] - 이벤트           
[106] - 개별이벤트       [107] - 납금             [108] - 사교의관         
[109] - 벨벳룸           [110] - 셋업             [111] - 동료마강화       
[112] - 소지품확인       [116] - 아이템합성       [120] - SHOP             
【조교사】
[201] - 조교             [202] - 파트너변경       [203] - 조수변경         
[204] - 조교아이템구입   [205] - 조교능력상승     [206] - 노역/매각/경영   
[207] - ？？？？？       [208] - 의상방           [209] - ？？？？？       
[210] - 명칭/호칭변경    [212] - 요바이필터       [213] - 집회시킨다       
[214] - 교류한다         [215] - 전투훈련         
【캐릭터확인】
[301] - 능력확인         [302] - 캐릭터필터       [303] - 캐릭터정렬       
【DEBUG】
[188] - 던전용ERH작성    [190] - 능력치합계체크   [191] - 능력시산         
[192] - 노예추가         [193] - 스킬분포작성     [194] - 스킬카드목록작성 
[195] - 캐릭터데이터출력 [196] - Rename작성       [197] - 아이템정렬       
[199] - 악마목록화       [699] - 랜덤캐릭터테스트 
【시스템】
[200] - 세이브           [300] - 로드             [400] - 옵션             
[700] - 배드엔딩 기록 리셋[777] - 환생리스타트     [888] - 일기장.exe       
[998] - 악마조교전.exe   
1000200
[  0] 2026/09/26 17:45:20   1TURN 주인:당신 LV99 ［N / N］  Ver0.5.9 【0:00】
[  1] ----
[  2] ----
[  3] ----
[  4] ----
[  5] ----
[  6] ----
[  7] ----
[  8] ----
[  9] ----
[ 10] ----
[ 11] ----
[ 12] ----
[ 13] ----
[ 14] ----
[ 15] ----
[ 16] ----
[ 17] ----
[ 18] ----
[ 19] ----
-----------------------------------------------------------------------------------------------------------------------------------------------------------------------
[1000] 이전페이지         [1001] 돌아간다           [1002] 다음페이지         
[1004]세이브 데이터 메모작성
0
이미 데이터가 존재합니다。덮어쓰시겠습니까？
[0] 네
[1] 아니오
0
=======================================================================================================================================================================
[500] 대기표시전환 [501] 1행표시 [502] 2행표시 [503] 3행표시 [504] 위치변경 　현재 월령：ＮＥＷ ＭＯＯＮ
-----------------------------------------------------------------------------------------------------------------------------------------------------------------------
 
 
 
 

1턴 째　                  ＮＥＷ ＭＯＯＮ           목표금액：￥10,000　　　조교가능횟수：4
-----------------------------------------------------------------------------------------------------------------------------------------------------------------------
 
 
 
 
 

-----------------------------------------------------------------------------------------------------------------------------------------------------------------------
『인간』 당신                            　　　　　
ＭＡＧ   ▅▅▅▅▅▅▅▅▅▅▅▅▅▅▅▅▅▅▅▅▅▅▅▅▅▅▅▅▅▅▅▅▅▅▅▅▅▅▅▅▅▅▅▅ (     3,000/74,992,500)
ＣＯＭＰ ▋▋▋▋▋▋▋▋▋▋▋▋▋▋▋▋▋▋▋▋▋▋▋▋▋▋▋▋▋▋▋▋▋▋▋▋▋▋▋▋▋▋▋▋ (0/100)
동료마： 4 /  8                                       소지금：￥50,003,000 / 50,000,200마카
=======================================================================================================================================================================
【RPG・진행】
[100] - 턴엔드           [101] - 탐색             [102] - 콜로세움참가     
[103] - 휴식             [104] - 의뢰청부         [105] - 이벤트           
[106] - 개별이벤트       [107] - 납금             [108] - 사교의관         
[109] - 벨벳룸           [110] - 셋업             [111] - 동료마강화       
[112] - 소지품확인       [116] - 아이템합성       [120] - SHOP             
【조교사】
[201] - 조교             [202] - 파트너변경       [203] - 조수변경         
[204] - 조교아이템구입   [205] - 조교능력상승     [206] - 노역/매각/경영   
[207] - ？？？？？       [208] - 의상방           [209] - ？？？？？       
[210] - 명칭/호칭변경    [212] - 요바이필터       [213] - 집회시킨다       
[214] - 교류한다         [215] - 전투훈련         
【캐릭터확인】
[301] - 능력확인         [302] - 캐릭터필터       [303] - 캐릭터정렬       
【DEBUG】
[188] - 던전용ERH작성    [190] - 능력치합계체크   [191] - 능력시산         
[192] - 노예추가         [193] - 스킬분포작성     [194] - 스킬카드목록작성 
[195] - 캐릭터데이터출력 [196] - Rename작성       [197] - 아이템정렬       
[199] - 악마목록화       [699] - 랜덤캐릭터테스트 
【시스템】
[200] - 세이브           [300] - 로드             [400] - 옵션             
[700] - 배드엔딩 기록 리셋[777] - 환생리스타트     [888] - 일기장.exe       
[998] - 악마조교전.exe   
1000191
시산할 악마 번호를 입력해 주십시오
[0] 돌아간다
0
=======================================================================================================================================================================
[500] 대기표시전환 [501] 1행표시 [502] 2행표시 [503] 3행표시 [504] 위치변경 　현재 월령：ＮＥＷ ＭＯＯＮ
-----------------------------------------------------------------------------------------------------------------------------------------------------------------------
 
 
 
 

1턴 째　                  ＮＥＷ ＭＯＯＮ           목표금액：￥10,000　　　조교가능횟수：4
-----------------------------------------------------------------------------------------------------------------------------------------------------------------------
 
 
 
 
 

-----------------------------------------------------------------------------------------------------------------------------------------------------------------------
『인간』 당신                            　　　　　
ＭＡＧ   ▅▅▅▅▅▅▅▅▅▅▅▅▅▅▅▅▅▅▅▅▅▅▅▅▅▅▅▅▅▅▅▅▅▅▅▅▅▅▅▅▅▅▅▅ (     3,000/74,992,500)
ＣＯＭＰ ▋▋▋▋▋▋▋▋▋▋▋▋▋▋▋▋▋▋▋▋▋▋▋▋▋▋▋▋▋▋▋▋▋▋▋▋▋▋▋▋▋▋▋▋ (0/100)
동료마： 4 /  8                                       소지금：￥50,003,000 / 50,000,200마카
=======================================================================================================================================================================
【RPG・진행】
[100] - 턴엔드           [101] - 탐색             [102] - 콜로세움참가     
[103] - 휴식             [104] - 의뢰청부         [105] - 이벤트           
[106] - 개별이벤트       [107] - 납금             [108] - 사교의관         
[109] - 벨벳룸           [110] - 셋업             [111] - 동료마강화       
[112] - 소지품확인       [116] - 아이템합성       [120] - SHOP             
【조교사】
[201] - 조교             [202] - 파트너변경       [203] - 조수변경         
[204] - 조교아이템구입   [205] - 조교능력상승     [206] - 노역/매각/경영   
[207] - ？？？？？       [208] - 의상방           [209] - ？？？？？       
[210] - 명칭/호칭변경    [212] - 요바이필터       [213] - 집회시킨다       
[214] - 교류한다         [215] - 전투훈련         
【캐릭터확인】
[301] - 능력확인         [302] - 캐릭터필터       [303] - 캐릭터정렬       
【DEBUG】
[188] - 던전용ERH작성    [190] - 능력치합계체크   [191] - 능력시산         
[192] - 노예추가         [193] - 스킬분포작성     [194] - 스킬카드목록작성 
[195] - 캐릭터데이터출력 [196] - Rename작성       [197] - 아이템정렬       
[199] - 악마목록화       [699] - 랜덤캐릭터테스트 
【시스템】
[200] - 세이브           [300] - 로드             [400] - 옵션             
[700] - 배드엔딩 기록 리셋[777] - 환생리스타트     [888] - 일기장.exe       
[998] - 악마조교전.exe   
1000107
-----------------------------------------------------------------------------------------------------------------------------------------------------------------------
조직에 납금할 금액을 지정해 주세요 （현재 조직에 대한 공헌도：0）
목표금액：￥10,000　소지금：￥50,003,000
 
 
 
 
 
 
 
 
 
 
 
 
 
 
 
 

-----------------------------------------------------------------------------------------------------------------------------------------------------------------------
이 금액으로 괜찮으신가요？[￥50,003,000]
[0] 납부한다
[1] 역시 그만둔다
0
￥50,003,000을 납부했습니다 （조직공헌도+50,003,000）
JP25,001,500을(를) 얻었다
 
=======================================================================================================================================================================
세이프하우스
  ￥       0    스톡 용량: 4/8 사용 중
MAG:    3000    ＮＥＷ ＭＯＯＮ
 
 
 
 
 
 
 
 
 
 
 
 
 
 
 
 
 
 
=======================================================================================================================================================================


 
 
 
 
 
 
 
 
 
=======================================================================================================================================================================
┏>MESSAGE━━━━━━━━━━━━━━━━━━━━━━━━━━━━━━━━┓
┃당신의 공헌과 활약이 평가되어、                                         ┃
┃시설이 강화되었습니다。                                                 ┃
┃조교실행가능횟수가 늘어났습니다。                                       ┃
┗━━━━━━━━━━━━━━━━━━━━━━━━━━━━━━━━━━━━┛
┏>MESSAGE━━━━━━━━━━━━━━━━━━━━━━━━━━━━━━━━┓
┃당신의 공헌과 활약이 평가되어、                                         ┃
┃시설이 강화되었습니다。                                                 ┃
┃조교실행가능횟수가 늘어났습니다。                                       ┃
┗━━━━━━━━━━━━━━━━━━━━━━━━━━━━━━━━━━━━┛
┏>MESSAGE━━━━━━━━━━━━━━━━━━━━━━━━━━━━━━━━┓
┃당신의 공헌과 활약이 평가되어、                                         ┃
┃당신의 터미널이 개량되었습니다。                                        ┃
┃탐색장소변경가능횟수가 늘어났습니다。                                   ┃
┗━━━━━━━━━━━━━━━━━━━━━━━━━━━━━━━━━━━━┛
┏>MESSAGE━━━━━━━━━━━━━━━━━━━━━━━━━━━━━━━━┓
┃당신의 공헌과 활약이 평가되어、                                         ┃
┃당신의 터미널이 개량되었습니다。                                        ┃
┃탐색장소변경가능횟수가 늘어났습니다。                                   ┃
┗━━━━━━━━━━━━━━━━━━━━━━━━━━━━━━━━━━━━┛
┏>MESSAGE━━━━━━━━━━━━━━━━━━━━━━━━━━━━━━━━┓
┃당신의 공헌과 활약이 평가되어、                                         ┃
┃귀중한 ＣＯＭＰ의 강화 파츠가 보내져 왔습니다。                         ┃
┃이로 인해 동료마를 스톡해 둘 수 있는 영역이 확장되었습니다。            ┃
┗━━━━━━━━━━━━━━━━━━━━━━━━━━━━━━━━━━━━┛
┏>MESSAGE━━━━━━━━━━━━━━━━━━━━━━━━━━━━━━━━┓
┃（EX:IM＠S）의뢰 【신데렐라걸【맹목적인소녀】】가 출현！                ┃
┗━━━━━━━━━━━━━━━━━━━━━━━━━━━━━━━━━━━━┛
┏>MESSAGE━━━━━━━━━━━━━━━━━━━━━━━━━━━━━━━━┓
┃（EX:IM＠S）의뢰 【신데렐라걸【수상한전화】】가 출현！                  ┃
┗━━━━━━━━━━━━━━━━━━━━━━━━━━━━━━━━━━━━┛
┏>MESSAGE━━━━━━━━━━━━━━━━━━━━━━━━━━━━━━━━┓
┃（EX:IM＠S）의뢰 【신데렐라걸【심연의어둠으로부터의권유】】가 출현！    ┃
┗━━━━━━━━━━━━━━━━━━━━━━━━━━━━━━━━━━━━┛
┏>MESSAGE━━━━━━━━━━━━━━━━━━━━━━━━━━━━━━━━┓
┃（EX:IM＠S）의뢰 【신데렐라걸【최강의아이돌을목표로】】가 출현！        ┃
┗━━━━━━━━━━━━━━━━━━━━━━━━━━━━━━━━━━━━┛
┏>MESSAGE━━━━━━━━━━━━━━━━━━━━━━━━━━━━━━━━┓
┃（EX:IM＠S）의뢰 【신데렐라걸【죽은자들의연회】】가 출현！              ┃
┗━━━━━━━━━━━━━━━━━━━━━━━━━━━━━━━━━━━━┛
┏>MESSAGE━━━━━━━━━━━━━━━━━━━━━━━━━━━━━━━━┓
┃1곳의 던전이 출현！                                                     ┃
┗━━━━━━━━━━━━━━━━━━━━━━━━━━━━━━━━━━━━┛
┏>MESSAGE━━━━━━━━━━━━━━━━━━━━━━━━━━━━━━━━┓
┃3건의 이벤트가 출현！                                                   ┃
┗━━━━━━━━━━━━━━━━━━━━━━━━━━━━━━━━━━━━┛
┏>MESSAGE━━━━━━━━━━━━━━━━━━━━━━━━━━━━━━━━┓
┃18건의 의뢰가 들어왔습니다。                                            ┃
┗━━━━━━━━━━━━━━━━━━━━━━━━━━━━━━━━━━━━┛
=======================================================================================================================================================================
[500] 대기표시전환 [501] 1행표시 [502] 2행표시 [503] 3행표시 [504] 위치변경 　현재 월령：ＮＥＷ ＭＯＯＮ
-----------------------------------------------------------------------------------------------------------------------------------------------------------------------
 
 
 
 

1턴 째　                  ＮＥＷ ＭＯＯＮ           목표금액：￥0　　　조교가능횟수：6
-----------------------------------------------------------------------------------------------------------------------------------------------------------------------
 
 
 
 
 

-----------------------------------------------------------------------------------------------------------------------------------------------------------------------
『인간』 당신                            　　　　　
ＭＡＧ   ▅▅▅▅▅▅▅▅▅▅▅▅▅▅▅▅▅▅▅▅▅▅▅▅▅▅▅▅▅▅▅▅▅▅▅▅▅▅▅▅▅▅▅▅ (     3,000/74,992,500)
ＣＯＭＰ ▋▋▋▋▋▋▋▋▋▋▋▋▋▋▋▋▋▋▋▋▋▋▋▋▋▋▋▋▋▋▋▋▋▋▋▋▋▋▋▋▋▋▋▋ (0/100)
동료마： 4 / 24                                       소지금：￥0 / 50,000,400마카
=======================================================================================================================================================================
┏>MESSAGE━━━━━━━━━━━━━━━━━━━━━━━━━━━━━━━━┓
┃단발이벤트【바로우즈와 같이】이(가) 출현！                              ┃
┗━━━━━━━━━━━━━━━━━━━━━━━━━━━━━━━━━━━━┛
┏>MESSAGE━━━━━━━━━━━━━━━━━━━━━━━━━━━━━━━━┓
┃단발이벤트【기묘한 소무늬 화물】이(가) 출현！                           ┃
┗━━━━━━━━━━━━━━━━━━━━━━━━━━━━━━━━━━━━┛
┏>MESSAGE━━━━━━━━━━━━━━━━━━━━━━━━━━━━━━━━┓
┃단발이벤트【사랑과 광기의 칼날】이(가) 출현！                           ┃
┗━━━━━━━━━━━━━━━━━━━━━━━━━━━━━━━━━━━━┛
┏>MESSAGE━━━━━━━━━━━━━━━━━━━━━━━━━━━━━━━━┓
┃단발이벤트【도쿠가와 최강 이자카야】이(가) 출현！                       ┃
┗━━━━━━━━━━━━━━━━━━━━━━━━━━━━━━━━━━━━┛
┏>MESSAGE━━━━━━━━━━━━━━━━━━━━━━━━━━━━━━━━┓
┃단발이벤트【타오르는 주작】이(가) 출현！                                ┃
┗━━━━━━━━━━━━━━━━━━━━━━━━━━━━━━━━━━━━┛
┏>MESSAGE━━━━━━━━━━━━━━━━━━━━━━━━━━━━━━━━┓
┃단발이벤트【에덴즈 리터・세계로부터 흘러넘친 여사냥꾼】이(가) 출현！    ┃
┗━━━━━━━━━━━━━━━━━━━━━━━━━━━━━━━━━━━━┛
【RPG・진행】
[100] - 턴엔드           [101] - 탐색             [102] - 콜로세움참가     
[103] - 휴식             [104] - 의뢰청부         [105] - 이벤트           
[106] - 개별이벤트       [107] - 납금             [108] - 사교의관         
[109] - 벨벳룸           [110] - 셋업             [111] - 동료마강화       
[112] - 소지품확인       [116] - 아이템합성       [120] - SHOP             
【조교사】
[201] - 조교             [202] - 파트너변경       [203] - 조수변경         
[204] - 조교아이템구입   [205] - 조교능력상승     [206] - 노역/매각/경영   
[207] - ？？？？？       [208] - 의상방           [209] - ？？？？？       
[210] - 명칭/호칭변경    [212] - 요바이필터       [213] - 집회시킨다       
[214] - 교류한다         [215] - 전투훈련         
【캐릭터확인】
[301] - 능력확인         [302] - 캐릭터필터       [303] - 캐릭터정렬       
【DEBUG】
[188] - 던전용ERH작성    [190] - 능력치합계체크   [191] - 능력시산         
[192] - 노예추가         [193] - 스킬분포작성     [194] - 스킬카드목록작성 
[195] - 캐릭터데이터출력 [196] - Rename작성       [197] - 아이템정렬       
[199] - 악마목록화       [699] - 랜덤캐릭터테스트 
【시스템】
[200] - 세이브           [300] - 로드             [400] - 옵션             
[700] - 배드엔딩 기록 리셋[777] - 환생리스타트     [888] - 일기장.exe       
[998] - 악마조교전.exe   
