# Environment
Emuera.NET 0.2.6.0
ShinEraTenseiP 0.5.9

# Log

DDS-NETに接続しています...
Warning Lv1:RPG\スキル関係\60_リーダースキル\スキル効果\LEADER_SKILL_KOR_WRAPPER.ERB: at line 169:Function "@SET_VAR_LEADER_SKILL_EXPLAIN_WEAK" is already defined (In RPG\スキル関係\60_リーダースキル\スキル効果\LEADER_SKILL_KOR_WRAPPER.ERB at line 160)
@SET_VAR_LEADER_SKILL_EXPLAIN_WEAK 프리크, L_TEXT
Warning Lv1:RPG\スキル関係\60_リーダースキル\スキル効果\LEADER_SKILL_KOR_WRAPPER.ERB: at line 173:Function "@LEADER_SKILL_COUNT_LIMIT_WEAK" is already defined (In RPG\スキル関係\60_リーダースキル\スキル効果\LEADER_SKILL_KOR_WRAPPER.ERB at line 164)
@LEADER_SKILL_COUNT_LIMIT_WEAK 프리크
Warning Lv1:RPG\スキル関係\60_リーダースキル\スキル効果\LEADER_SKILL_KOR_WRAPPER.ERB: at line 178:Function "@SET_VAR_LEADER_SKILL_EXPLAIN_WEAK" is already defined (In RPG\スキル関係\60_リーダースキル\スキル効果\LEADER_SKILL_KOR_WRAPPER.ERB at line 160)
@SET_VAR_LEADER_SKILL_EXPLAIN_WEAK 스나이퍼, L_TEXT
Warning Lv1:RPG\スキル関係\60_リーダースキル\スキル効果\LEADER_SKILL_KOR_WRAPPER.ERB: at line 182:Function "@LEADER_SKILL_COUNT_LIMIT_WEAK" is already defined (In RPG\スキル関係\60_リーダースキル\スキル効果\LEADER_SKILL_KOR_WRAPPER.ERB at line 164)
@LEADER_SKILL_COUNT_LIMIT_WEAK 스나이퍼
Warning Lv2:RPG\スキル関係\60_リーダースキル\スキル効果\LEADER_SKILL_KOR_WRAPPER.ERB: at line 101:Function "@LEADER_SKILL_COUNT_LIMIT_백그라운드" contains an error in argument:Wrong argument format
@LEADER_SKILL_COUNT_LIMIT_백그라운드 강화
Warning Lv2:RPG\スキル関係\60_リーダースキル\スキル効果\LEADER_SKILL_KOR_WRAPPER.ERB: at line 67:Function "@SET_VAR_LEADER_SKILL_EXPLAIN_속도" contains an error in argument:Wrong argument format
@SET_VAR_LEADER_SKILL_EXPLAIN_속도 상승, L_TEXT
Warning Lv2:RPG\スキル関係\60_リーダースキル\スキル効果\LEADER_SKILL_KOR_WRAPPER.ERB: at line 22:Function "@SET_VAR_LEADER_SKILL_EXPLAIN_지혜" contains an error in argument:Wrong argument format
@SET_VAR_LEADER_SKILL_EXPLAIN_지혜 상승, L_TEXT
Warning Lv2:RPG\スキル関係\60_リーダースキル\スキル効果\LEADER_SKILL_KOR_WRAPPER.ERB: at line 209:Function "@LEADER_SKILL_COUNT_LIMIT_마돈나" contains an error in argument:Wrong argument format
@LEADER_SKILL_COUNT_LIMIT_마돈나 릴리
Warning Lv2:RPG\スキル関係\60_リーダースキル\スキル効果\LEADER_SKILL_KOR_WRAPPER.ERB: at line 75:Function "@SKILL_ADD_STATUS_LEADER_속도" contains an error in argument:Wrong argument format
@SKILL_ADD_STATUS_LEADER_속도 상승, ARGS, ARGS:1, ARG, ARG:1, SKILL_NUM, GIVE_EFFECT_CHARA
Warning Lv2:RPG\スキル関係\60_リーダースキル\スキル効果\LEADER_SKILL_KOR_WRAPPER.ERB: at line 164:Function "@LEADER_SKILL_COUNT_LIMIT_WEAK" contains an error in argument:Wrong argument format
@LEADER_SKILL_COUNT_LIMIT_WEAK 킬러
Warning Lv2:RPG\スキル関係\60_リーダースキル\スキル効果\LEADER_SKILL_KOR_WRAPPER.ERB: at line 173:Function "@LEADER_SKILL_COUNT_LIMIT_WEAK" contains an error in argument:Wrong argument format
@LEADER_SKILL_COUNT_LIMIT_WEAK 프리크
Warning Lv2:RPG\スキル関係\60_リーダースキル\スキル効果\LEADER_SKILL_KOR_WRAPPER.ERB: at line 182:Function "@LEADER_SKILL_COUNT_LIMIT_WEAK" contains an error in argument:Wrong argument format
@LEADER_SKILL_COUNT_LIMIT_WEAK 스나이퍼
Warning Lv2:RPG\スキル関係\60_リーダースキル\スキル効果\LEADER_SKILL_KOR_WRAPPER.ERB: at line 11:Function "@LEADER_SKILL_COUNT_LIMIT_힘" contains an error in argument:Wrong argument format
@LEADER_SKILL_COUNT_LIMIT_힘 상승
Warning Lv2:RPG\スキル関係\60_リーダースキル\スキル効果\LEADER_SKILL_KOR_WRAPPER.ERB: at line 37:Function "@SET_VAR_LEADER_SKILL_EXPLAIN_마력" contains an error in argument:Wrong argument format
@SET_VAR_LEADER_SKILL_EXPLAIN_마력 상승, L_TEXT
Warning Lv2:RPG\スキル関係\60_リーダースキル\スキル効果\LEADER_SKILL_KOR_WRAPPER.ERB: at line 52:Function "@SET_VAR_LEADER_SKILL_EXPLAIN_내구" contains an error in argument:Wrong argument format
@SET_VAR_LEADER_SKILL_EXPLAIN_내구 상승, L_TEXT
Warning Lv2:RPG\スキル関係\60_リーダースキル\スキル効果\LEADER_SKILL_KOR_WRAPPER.ERB: at line 124:Function "@SET_VAR_LEADER_SKILL_EXPLAIN_체인" contains an error in argument:Wrong argument format
@SET_VAR_LEADER_SKILL_EXPLAIN_체인 업, L_TEXT
Warning Lv2:RPG\スキル関係\60_リーダースキル\スキル効果\LEADER_SKILL_KOR_WRAPPER.ERB: at line 200:Function "@LEADER_SKILL_COUNT_LIMIT_무병장수" contains an error in argument:Wrong argument format
@LEADER_SKILL_COUNT_LIMIT_무병장수 부적
Warning Lv2:RPG\スキル関係\60_リーダースキル\スキル効果\LEADER_SKILL_KOR_WRAPPER.ERB: at line 97:Function "@SET_VAR_LEADER_SKILL_EXPLAIN_백그라운드" contains an error in argument:Wrong argument format
@SET_VAR_LEADER_SKILL_EXPLAIN_백그라운드 강화, L_TEXT
Warning Lv2:RPG\スキル関係\60_リーダースキル\スキル効果\LEADER_SKILL_KOR_WRAPPER.ERB: at line 146:Function "@LEADER_SKILL_COUNT_LIMIT_할로우" contains an error in argument:Wrong argument format
@LEADER_SKILL_COUNT_LIMIT_할로우 포인트
Warning Lv2:RPG\スキル関係\60_リーダースキル\スキル効果\LEADER_SKILL_KOR_WRAPPER.ERB: at line 7:Function "@SET_VAR_LEADER_SKILL_EXPLAIN_힘" contains an error in argument:Wrong argument format
@SET_VAR_LEADER_SKILL_EXPLAIN_힘 상승, L_TEXT
Warning Lv2:RPG\スキル関係\60_リーダースキル\スキル効果\LEADER_SKILL_KOR_WRAPPER.ERB: at line 155:Function "@LEADER_SKILL_COUNT_LIMIT_식스" contains an error in argument:Wrong argument format
@LEADER_SKILL_COUNT_LIMIT_식스 센스
Warning Lv2:RPG\スキル関係\60_リーダースキル\スキル効果\LEADER_SKILL_KOR_WRAPPER.ERB: at line 26:Function "@LEADER_SKILL_COUNT_LIMIT_지혜" contains an error in argument:Wrong argument format
@LEADER_SKILL_COUNT_LIMIT_지혜 상승
Warning Lv2:RPG\スキル関係\60_リーダースキル\スキル効果\LEADER_SKILL_KOR_WRAPPER.ERB: at line 205:Function "@SET_VAR_LEADER_SKILL_EXPLAIN_마돈나" contains an error in argument:Wrong argument format
@SET_VAR_LEADER_SKILL_EXPLAIN_마돈나 릴리, L_TEXT
Warning Lv2:RPG\スキル関係\60_リーダースキル\スキル効果\LEADER_SKILL_KOR_WRAPPER.ERB: at line 71:Function "@LEADER_SKILL_COUNT_LIMIT_속도" contains an error in argument:Wrong argument format
@LEADER_SKILL_COUNT_LIMIT_속도 상승
Warning Lv2:RPG\スキル関係\60_リーダースキル\スキル効果\LEADER_SKILL_KOR_WRAPPER.ERB: at line 56:Function "@LEADER_SKILL_COUNT_LIMIT_내구" contains an error in argument:Wrong argument format
@LEADER_SKILL_COUNT_LIMIT_내구 상승
Warning Lv2:RPG\スキル関係\60_リーダースキル\スキル効果\LEADER_SKILL_KOR_WRAPPER.ERB: at line 191:Function "@LEADER_SKILL_COUNT_LIMIT_액막이" contains an error in argument:Wrong argument format
@LEADER_SKILL_COUNT_LIMIT_액막이 부적
Warning Lv2:RPG\スキル関係\60_リーダースキル\スキル効果\LEADER_SKILL_KOR_WRAPPER.ERB: at line 196:Function "@SET_VAR_LEADER_SKILL_EXPLAIN_무병장수" contains an error in argument:Wrong argument format
@SET_VAR_LEADER_SKILL_EXPLAIN_무병장수 부적, L_TEXT
Warning Lv2:RPG\スキル関係\60_リーダースキル\スキル効果\LEADER_SKILL_KOR_WRAPPER.ERB: at line 90:Function "@SKILL_ADD_STATUS_LEADER_운" contains an error in argument:Wrong argument format
@SKILL_ADD_STATUS_LEADER_운 상승, ARGS, ARGS:1, ARG, ARG:1, SKILL_NUM, GIVE_EFFECT_CHARA
Warning Lv2:RPG\スキル関係\60_リーダースキル\スキル効果\LEADER_SKILL_KOR_WRAPPER.ERB: at line 133:Function "@SET_VAR_LEADER_SKILL_EXPLAIN_도트" contains an error in argument:Wrong argument format
@SET_VAR_LEADER_SKILL_EXPLAIN_도트 사이트, L_TEXT
Warning Lv2:RPG\スキル関係\60_リーダースキル\スキル効果\LEADER_SKILL_KOR_WRAPPER.ERB: at line 82:Function "@SET_VAR_LEADER_SKILL_EXPLAIN_운" contains an error in argument:Wrong argument format
@SET_VAR_LEADER_SKILL_EXPLAIN_운 상승, L_TEXT
Warning Lv2:RPG\スキル関係\60_リーダースキル\スキル効果\LEADER_SKILL_KOR_WRAPPER.ERB: at line 142:Function "@SET_VAR_LEADER_SKILL_EXPLAIN_할로우" contains an error in argument:Wrong argument format
@SET_VAR_LEADER_SKILL_EXPLAIN_할로우 포인트, L_TEXT
Warning Lv2:RPG\スキル関係\60_リーダースキル\スキル効果\LEADER_SKILL_KOR_WRAPPER.ERB: at line 60:Function "@SKILL_ADD_STATUS_LEADER_내구" contains an error in argument:Wrong argument format
@SKILL_ADD_STATUS_LEADER_내구 상승, ARGS, ARGS:1, ARG, ARG:1, SKILL_NUM, GIVE_EFFECT_CHARA
Warning Lv2:RPG\スキル関係\60_リーダースキル\スキル効果\LEADER_SKILL_KOR_WRAPPER.ERB: at line 15:Function "@SKILL_ADD_STATUS_LEADER_힘" contains an error in argument:Wrong argument format
@SKILL_ADD_STATUS_LEADER_힘 상승, ARGS, ARGS:1, ARG, ARG:1, SKILL_NUM, GIVE_EFFECT_CHARA
Warning Lv2:RPG\スキル関係\60_リーダースキル\スキル効果\LEADER_SKILL_KOR_WRAPPER.ERB: at line 137:Function "@LEADER_SKILL_COUNT_LIMIT_도트" contains an error in argument:Wrong argument format
@LEADER_SKILL_COUNT_LIMIT_도트 사이트
Warning Lv2:RPG\スキル関係\60_リーダースキル\スキル効果\LEADER_SKILL_KOR_WRAPPER.ERB: at line 187:Function "@SET_VAR_LEADER_SKILL_EXPLAIN_액막이" contains an error in argument:Wrong argument format
@SET_VAR_LEADER_SKILL_EXPLAIN_액막이 부적, L_TEXT
Warning Lv2:RPG\スキル関係\60_リーダースキル\スキル効果\LEADER_SKILL_KOR_WRAPPER.ERB: at line 86:Function "@LEADER_SKILL_COUNT_LIMIT_운" contains an error in argument:Wrong argument format
@LEADER_SKILL_COUNT_LIMIT_운 상승
Warning Lv2:RPG\スキル関係\60_リーダースキル\スキル効果\LEADER_SKILL_KOR_WRAPPER.ERB: at line 45:Function "@SKILL_ADD_STATUS_LEADER_마력" contains an error in argument:Wrong argument format
@SKILL_ADD_STATUS_LEADER_마력 상승, ARGS, ARGS:1, ARG, ARG:1, SKILL_NUM, GIVE_EFFECT_CHARA
Warning Lv2:RPG\スキル関係\60_リーダースキル\スキル効果\LEADER_SKILL_KOR_WRAPPER.ERB: at line 41:Function "@LEADER_SKILL_COUNT_LIMIT_마력" contains an error in argument:Wrong argument format
@LEADER_SKILL_COUNT_LIMIT_마력 상승
Warning Lv2:RPG\スキル関係\60_リーダースキル\スキル効果\LEADER_SKILL_KOR_WRAPPER.ERB: at line 30:Function "@SKILL_ADD_STATUS_LEADER_지혜" contains an error in argument:Wrong argument format
@SKILL_ADD_STATUS_LEADER_지혜 상승, ARGS, ARGS:1, ARG, ARG:1, SKILL_NUM, GIVE_EFFECT_CHARA
Warning Lv2:RPG\スキル関係\60_リーダースキル\スキル効果\LEADER_SKILL_KOR_WRAPPER.ERB: at line 160:Function "@SET_VAR_LEADER_SKILL_EXPLAIN_WEAK" contains an error in argument:Wrong argument format
@SET_VAR_LEADER_SKILL_EXPLAIN_WEAK 킬러, L_TEXT
Warning Lv2:RPG\スキル関係\60_リーダースキル\スキル効果\LEADER_SKILL_KOR_WRAPPER.ERB: at line 169:Function "@SET_VAR_LEADER_SKILL_EXPLAIN_WEAK" contains an error in argument:Wrong argument format
@SET_VAR_LEADER_SKILL_EXPLAIN_WEAK 프리크, L_TEXT
Warning Lv2:RPG\スキル関係\60_リーダースキル\スキル効果\LEADER_SKILL_KOR_WRAPPER.ERB: at line 178:Function "@SET_VAR_LEADER_SKILL_EXPLAIN_WEAK" contains an error in argument:Wrong argument format
@SET_VAR_LEADER_SKILL_EXPLAIN_WEAK 스나이퍼, L_TEXT
Warning Lv2:RPG\スキル関係\60_リーダースキル\スキル効果\LEADER_SKILL_KOR_WRAPPER.ERB: at line 128:Function "@LEADER_SKILL_COUNT_LIMIT_체인" contains an error in argument:Wrong argument format
@LEADER_SKILL_COUNT_LIMIT_체인 업
Warning Lv2:RPG\スキル関係\60_リーダースキル\スキル効果\LEADER_SKILL_KOR_WRAPPER.ERB: at line 151:Function "@SET_VAR_LEADER_SKILL_EXPLAIN_식스" contains an error in argument:Wrong argument format
@SET_VAR_LEADER_SKILL_EXPLAIN_식스 센스, L_TEXT
