# Environment
Emuera.NET 0.2.6.0
ShinEraTenseiP 0.5.9

# Log

DDS-NETに接続しています...
Warning Lv2:RPG\スキル関係\40_外部作品スキル\SKILL3545_リボン・ブースト.ERB: at line 404:Function "@INPUT_COM_리본" contains an error in argument:Wrong argument format
@INPUT_COM_리본 부스트, ARG
Warning Lv2:RPG\スキル関係\53_マガツヒスキル\MAGATSUHI_SKILL06_天使_三億六百万の光.ERB: at line 123:Function "@ACTION_MAGATSUHI_3억" contains an error in argument:Wrong argument format
@ACTION_MAGATSUHI_3억 6백만의 빛, ARG, ARG:1, ARG:2
Warning Lv2:RPG\スキル関係\53_マガツヒスキル\MAGATSUHI_SKILL100_拡張：修羅の一撃.ERB: at line 89:Function "@SKILL_QUICK_ACTION_MAGATSUHI_확장" contains an error in argument:Wrong argument format
@SKILL_QUICK_ACTION_MAGATSUHI_확장: 수라의 일격, ARG
Warning Lv2:RPG\スキル関係\53_マガツヒスキル\MAGATSUHI_SKILL06_天使_三億六百万の光.ERB: at line 108:Function "@SKILL_NAME_MAGATSUHI_3억" contains an error in argument:Wrong argument format
@SKILL_NAME_MAGATSUHI_3억 6백만의 빛, ARG
Warning Lv2:RPG\スキル関係\53_マガツヒスキル\MAGATSUHI_SKILL03_女神_常世の祈り・改.ERB: at line 109:Function "@SKILL_COND_MAGATSUHI_영구의" contains an error in argument:Wrong argument format
@SKILL_COND_MAGATSUHI_영구의 기도·개, ARG
Warning Lv2:RPG\スキル関係\53_マガツヒスキル\MAGATSUHI_SKILL06_天使_三億六百万の光.ERB: at line 111:Function "@SKILL_COND_MAGATSUHI_3억" contains an error in argument:Wrong argument format
@SKILL_COND_MAGATSUHI_3억 6백만의 빛, ARG
Warning Lv2:RPG\スキル関係\53_マガツヒスキル\MAGATSUHI_SKILL200_ピクシー族_妖精の悪戯.ERB: at line 120:Function "@ACTION_MAGATSUHI_요정의" contains an error in argument:Wrong argument format
@ACTION_MAGATSUHI_요정의 유희, ARG, ARG:1, ARG:2
Warning Lv2:RPG\スキル関係\53_マガツヒスキル\MAGATSUHI_SKILL03_女神_常世の祈り・改.ERB: at line 121:Function "@ACTION_MAGATSUHI_영구의" contains an error in argument:Wrong argument format
@ACTION_MAGATSUHI_영구의 기도·개, ARG, ARG:1, ARG:2
Warning Lv2:RPG\スキル関係\53_マガツヒスキル\MAGATSUHI_SKILL17_邪神_貫く神気.ERB: at line 94:Function "@SKILL_ACTIONABLE_BATTLE_MAGATSUHI_꿰뚫는" contains an error in argument:Wrong argument format
@SKILL_ACTIONABLE_BATTLE_MAGATSUHI_꿰뚫는 신기, ARG
Warning Lv2:RPG\スキル関係\53_マガツヒスキル\MAGATSUHI_SKILL06_天使_三億六百万の光.ERB: at line 119:Function "@SKILL_ACTIONABLE_BATTLE_MAGATSUHI_3억" contains an error in argument:Wrong argument format
@SKILL_ACTIONABLE_BATTLE_MAGATSUHI_3억 6백만의 빛, ARG
Warning Lv2:RPG\スキル関係\90_CSTR専用スキル\外部作品\専用スキル_FATE\11_妖精騎士ランスロット\メリュ子専用技6_レイ・ホライゾン.ERB: at line 341:Function "@INPUT_COM_ABLE_레이" contains an error in argument:Wrong argument format
@INPUT_COM_ABLE_레이 호라이즌, ARG
Warning Lv2:RPG\スキル関係\90_CSTR専用スキル\専用スキル\SKILL_コドクノマレビト_凪_真・ヨシツネ見参.ERB: at line 387:Function "@INPUT_COM_ABLE_진" contains an error in argument:Wrong argument format
@INPUT_COM_ABLE_진 요시츠네 견참, ARG
Warning Lv2:RPG\スキル関係\90_CSTR専用スキル\外部作品\専用スキル_FATE\11_妖精騎士ランスロット\メリュ子専用技6_レイ・ホライゾン.ERB: at line 348:Function "@INPUT_COM_레이" contains an error in argument:Wrong argument format
@INPUT_COM_레이 호라이즌, ARG
Warning Lv2:RPG\スキル関係\90_CSTR専用スキル\ENMOD\SKILL_BeastArt.ERB: at line 279:Function "@INPUT_COM_인법·수둔의" contains an error in argument:Wrong argument format
@INPUT_COM_인법·수둔의 술, ARG
Warning Lv2:RPG\スキル関係\53_マガツヒスキル\MAGATSUHI_SKILL08_妖鬼_ 羅刹王の宴.ERB: at line 79:Function "@SKILL_NAME_MAGATSUHI_나찰왕의" contains an error in argument:Wrong argument format
@SKILL_NAME_MAGATSUHI_나찰왕의 연회, ARG
Warning Lv2:RPG\スキル関係\90_CSTR専用スキル\外部作品\アークナイツ\スルト\SKILLラグナロク（ＡＮ）.ERB: at line 530:Function "@INPUT_COM_라그나로크" contains an error in argument:AN cannot be interpreted
@INPUT_COM_라그나로크 (AN), ARG
Warning Lv2:RPG\スキル関係\40_外部作品スキル\SKILL3530_怒り奥義.ERB: at line 1064:Function "@INPUT_COM_분노" contains an error in argument:Wrong argument format
@INPUT_COM_분노 오의, ARG
Warning Lv2:RPG\スキル関係\53_マガツヒスキル\MAGATSUHI_SKILL05_妖魔_ソウルドレイン.ERB: at line 156:Function "@SKILL_COND_MAGATSUHI_소울" contains an error in argument:Wrong argument format
@SKILL_COND_MAGATSUHI_소울 드레인, ARG
Warning Lv2:RPG\スキル関係\53_マガツヒスキル\MAGATSUHI_SKILL07_妖精_妖精王の宴.ERB: at line 86:Function "@SKILL_QUICK_ACTION_MAGATSUHI_요정왕의" contains an error in argument:Wrong argument format
@SKILL_QUICK_ACTION_MAGATSUHI_요정왕의 연회, ARG
Warning Lv2:RPG\スキル関係\32_eratenオリジナル\SKILL3965_スパームボム.ERB: at line 266:Function "@INPUT_COM_스펌" contains an error in argument:Wrong argument format
@INPUT_COM_스펌 봄, ARG
Warning Lv2:RPG\スキル関係\32_eratenオリジナル\SKILL3965_スパームボム.ERB: at line 259:Function "@INPUT_COM_ABLE_스펌" contains an error in argument:Wrong argument format
@INPUT_COM_ABLE_스펌 봄, ARG
Warning Lv2:RPG\スキル関係\90_CSTR専用スキル\外部作品\アークナイツ\スルト\SKILL災厄の巨焔.ERB: at line 523:Function "@INPUT_COM_재앙의" contains an error in argument:Wrong argument format
@INPUT_COM_재앙의 거염, ARG
Warning Lv2:RPG\スキル関係\53_マガツヒスキル\MAGATSUHI_SKILL100_拡張：修羅の一撃.ERB: at line 93:Function "@SKILL_ACTIONABLE_BATTLE_MAGATSUHI_확장" contains an error in argument:Wrong argument format
@SKILL_ACTIONABLE_BATTLE_MAGATSUHI_확장: 수라의 일격, ARG
Warning Lv2:RPG\スキル関係\53_マガツヒスキル\MAGATSUHI_SKILL100_拡張：修羅の一撃.ERB: at line 82:Function "@SKILL_NAME_MAGATSUHI_확장" contains an error in argument:Wrong argument format
@SKILL_NAME_MAGATSUHI_확장: 수라의 일격, ARG
Warning Lv2:RPG\スキル関係\40_外部作品スキル\SKILL3625_ブリッツダッシュ.ERB: at line 764:Function "@INPUT_COM_ABLE_블리츠" contains an error in argument:Wrong argument format
@INPUT_COM_ABLE_블리츠 대시, ARG
Warning Lv2:RPG\スキル関係\32_eratenオリジナル\SKILL3967_出でよ我が全ての仲魔.ERB: at line 297:Function "@INPUT_COM_ABLE_나오라" contains an error in argument:나의 cannot be interpreted
@INPUT_COM_ABLE_나오라, 나의 모든 동료마여, ARG
Warning Lv2:RPG\スキル関係\53_マガツヒスキル\MAGATSUHI_SKILL17_邪神_貫く神気.ERB: at line 98:Function "@ACTION_MAGATSUHI_꿰뚫는" contains an error in argument:Wrong argument format
@ACTION_MAGATSUHI_꿰뚫는 신기, ARG, ARG:1, ARG:2
Warning Lv2:RPG\スキル関係\90_CSTR専用スキル\外部作品\アークナイツ\スルト\SKILLレーヴァテイン（ＡＮ）.ERB: at line 296:Function "@INPUT_COM_ABLE_레바테인" contains an error in argument:AN cannot be interpreted
@INPUT_COM_ABLE_레바테인 (AN), ARG
Warning Lv2:RPG\スキル関係\53_マガツヒスキル\MAGATSUHI_SKILL07_妖精_妖精王の宴.ERB: at line 82:Function "@SKILL_COND_MAGATSUHI_요정왕의" contains an error in argument:Wrong argument format
@SKILL_COND_MAGATSUHI_요정왕의 연회, ARG
Warning Lv2:RPG\スキル関係\90_CSTR専用スキル\ENMOD\SKILL_BeastArt.ERB: at line 272:Function "@INPUT_COM_ABLE_인법·수둔의" contains an error in argument:Wrong argument format
@INPUT_COM_ABLE_인법·수둔의 술, ARG
Warning Lv2:RPG\スキル関係\53_マガツヒスキル\MAGATSUHI_SKILL07_妖精_妖精王の宴.ERB: at line 94:Function "@ACTION_MAGATSUHI_요정왕의" contains an error in argument:Wrong argument format
@ACTION_MAGATSUHI_요정왕의 연회, ARG, ARG:1, ARG:2
Warning Lv2:RPG\スキル関係\32_eratenオリジナル\SKILL3960_多段触手責め.ERB: at line 231:Function "@INPUT_COM_다단" contains an error in argument:Wrong argument format
@INPUT_COM_다단 촉수 고문, ARG
Warning Lv2:RPG\スキル関係\90_CSTR専用スキル\外部作品\アークナイツ\スルト\SKILL災厄の巨焔.ERB: at line 516:Function "@INPUT_COM_ABLE_재앙의" contains an error in argument:Wrong argument format
@INPUT_COM_ABLE_재앙의 거염, ARG
Warning Lv2:RPG\スキル関係\53_マガツヒスキル\MAGATSUHI_SKILL03_女神_常世の祈り・改.ERB: at line 106:Function "@SKILL_NAME_MAGATSUHI_영구의" contains an error in argument:Wrong argument format
@SKILL_NAME_MAGATSUHI_영구의 기도·개, ARG
Warning Lv2:RPG\スキル関係\53_マガツヒスキル\MAGATSUHI_SKILL08_妖鬼_ 羅刹王の宴.ERB: at line 82:Function "@SKILL_COND_MAGATSUHI_나찰왕의" contains an error in argument:Wrong argument format
@SKILL_COND_MAGATSUHI_나찰왕의 연회, ARG
Warning Lv2:RPG\スキル関係\53_マガツヒスキル\MAGATSUHI_SKILL05_妖魔_ソウルドレイン.ERB: at line 164:Function "@SKILL_ACTIONABLE_BATTLE_MAGATSUHI_소울" contains an error in argument:Wrong argument format
@SKILL_ACTIONABLE_BATTLE_MAGATSUHI_소울 드레인, ARG
Warning Lv2:RPG\スキル関係\53_マガツヒスキル\MAGATSUHI_SKILL06_天使_三億六百万の光.ERB: at line 115:Function "@SKILL_QUICK_ACTION_MAGATSUHI_3억" contains an error in argument:Wrong argument format
@SKILL_QUICK_ACTION_MAGATSUHI_3억 6백만의 빛, ARG
Warning Lv2:RPG\スキル関係\90_CSTR専用スキル\専用スキル\SKILL_デビチル_高城ゼット_浮遊する悪魔.ERB: at line 379:Function "@INPUT_COM_부유하는" contains an error in argument:Wrong argument format
@INPUT_COM_부유하는 악마, ARG
Warning Lv2:RPG\スキル関係\90_CSTR専用スキル\専用スキル\SKILL_コドクノマレビト_凪_真・ヨシツネ見参.ERB: at line 394:Function "@INPUT_COM_진" contains an error in argument:Wrong argument format
@INPUT_COM_진 요시츠네 견참, ARG
Warning Lv2:RPG\スキル関係\40_外部作品スキル\SKILL3530_怒り奥義.ERB: at line 1057:Function "@INPUT_COM_ABLE_분노" contains an error in argument:Wrong argument format
@INPUT_COM_ABLE_분노 오의, ARG
Warning Lv2:RPG\スキル関係\90_CSTR専用スキル\外部作品\サムライスピリッツ\5423_首斬り破沙羅\SKILL首斬り破沙羅SO0_首斬り破沙羅修羅奥義.ERB: at line 493:Function "@INPUT_COM__쿠비키리" contains an error in argument:Wrong argument format
@INPUT_COM__쿠비키리 바사라 수라 오의, ARG
Warning Lv2:RPG\スキル関係\53_マガツヒスキル\MAGATSUHI_SKILL200_ピクシー族_妖精の悪戯.ERB: at line 116:Function "@SKILL_ACTIONABLE_BATTLE_MAGATSUHI_요정의" contains an error in argument:Wrong argument format
@SKILL_ACTIONABLE_BATTLE_MAGATSUHI_요정의 유희, ARG
Warning Lv2:RPG\スキル関係\32_eratenオリジナル\SKILL3967_出でよ我が全ての仲魔.ERB: at line 304:Function "@INPUT_COM_나오라" contains an error in argument:나의 cannot be interpreted
@INPUT_COM_나오라, 나의 모든 동료마여, ARG
Warning Lv2:RPG\スキル関係\53_マガツヒスキル\MAGATSUHI_SKILL05_妖魔_ソウルドレイン.ERB: at line 153:Function "@SKILL_NAME_MAGATSUHI_소울" contains an error in argument:Wrong argument format
@SKILL_NAME_MAGATSUHI_소울 드레인, ARG
Warning Lv2:RPG\スキル関係\53_マガツヒスキル\MAGATSUHI_SKILL08_妖鬼_ 羅刹王の宴.ERB: at line 94:Function "@ACTION_MAGATSUHI_나찰왕의" contains an error in argument:Wrong argument format
@ACTION_MAGATSUHI_나찰왕의 연회, ARG, ARG:1, ARG:2
Warning Lv2:RPG\スキル関係\90_CSTR専用スキル\外部作品\アークナイツ\スルト\SKILLレーヴァテイン（ＡＮ）.ERB: at line 303:Function "@INPUT_COM_레바테인" contains an error in argument:AN cannot be interpreted
@INPUT_COM_레바테인 (AN), ARG
Warning Lv2:RPG\スキル関係\53_マガツヒスキル\MAGATSUHI_SKILL05_妖魔_ソウルドレイン.ERB: at line 168:Function "@ACTION_MAGATSUHI_소울" contains an error in argument:Wrong argument format
@ACTION_MAGATSUHI_소울 드레인, ARG, ARG:1, ARG:2
Warning Lv2:RPG\スキル関係\40_外部作品スキル\SKILL3625_ブリッツダッシュ.ERB: at line 771:Function "@INPUT_COM_블리츠" contains an error in argument:Wrong argument format
@INPUT_COM_블리츠 대시, ARG
Warning Lv2:RPG\スキル関係\53_マガツヒスキル\MAGATSUHI_SKILL03_女神_常世の祈り・改.ERB: at line 117:Function "@SKILL_ACTIONABLE_BATTLE_MAGATSUHI_영구의" contains an error in argument:Wrong argument format
@SKILL_ACTIONABLE_BATTLE_MAGATSUHI_영구의 기도·개, ARG
Warning Lv2:RPG\スキル関係\40_外部作品スキル\SKILL3600_デビルトリガー.ERB: at line 483:Function "@INPUT_COM_ABLE_데빌" contains an error in argument:Wrong argument format
@INPUT_COM_ABLE_데빌 트리거, ARG
Warning Lv2:RPG\スキル関係\53_マガツヒスキル\MAGATSUHI_SKILL05_妖魔_ソウルドレイン.ERB: at line 160:Function "@SKILL_QUICK_ACTION_MAGATSUHI_소울" contains an error in argument:Wrong argument format
@SKILL_QUICK_ACTION_MAGATSUHI_소울 드레인, ARG
Warning Lv2:RPG\スキル関係\53_マガツヒスキル\MAGATSUHI_SKILL100_拡張：修羅の一撃.ERB: at line 85:Function "@SKILL_COND_MAGATSUHI_확장" contains an error in argument:Wrong argument format
@SKILL_COND_MAGATSUHI_확장: 수라의 일격, ARG
Warning Lv2:RPG\スキル関係\53_マガツヒスキル\MAGATSUHI_SKILL200_ピクシー族_妖精の悪戯.ERB: at line 105:Function "@SKILL_NAME_MAGATSUHI_요정의" contains an error in argument:Wrong argument format
@SKILL_NAME_MAGATSUHI_요정의 유희, ARG
Warning Lv2:RPG\スキル関係\53_マガツヒスキル\MAGATSUHI_SKILL03_女神_常世の祈り・改.ERB: at line 113:Function "@SKILL_QUICK_ACTION_MAGATSUHI_영구의" contains an error in argument:Wrong argument format
@SKILL_QUICK_ACTION_MAGATSUHI_영구의 기도·개, ARG
Warning Lv2:RPG\スキル関係\53_マガツヒスキル\MAGATSUHI_SKILL201_アリスとお友達_呪いの濁流.ERB: at line 182:Function "@SKILL_ACTIONABLE_BATTLE_MAGATSUHI_저주의" contains an error in argument:Wrong argument format
@SKILL_ACTIONABLE_BATTLE_MAGATSUHI_저주의 탁류, ARG
Warning Lv2:RPG\スキル関係\53_マガツヒスキル\MAGATSUHI_SKILL201_アリスとお友達_呪いの濁流.ERB: at line 178:Function "@SKILL_QUICK_ACTION_MAGATSUHI_저주의" contains an error in argument:Wrong argument format
@SKILL_QUICK_ACTION_MAGATSUHI_저주의 탁류, ARG
Warning Lv2:RPG\スキル関係\32_eratenオリジナル\SKILL3960_多段触手責め.ERB: at line 224:Function "@INPUT_COM_ABLE_다단" contains an error in argument:Wrong argument format
@INPUT_COM_ABLE_다단 촉수 고문, ARG
Warning Lv2:RPG\スキル関係\53_マガツヒスキル\MAGATSUHI_SKILL08_妖鬼_ 羅刹王の宴.ERB: at line 90:Function "@SKILL_ACTIONABLE_BATTLE_MAGATSUHI_나찰왕의" contains an error in argument:Wrong argument format
@SKILL_ACTIONABLE_BATTLE_MAGATSUHI_나찰왕의 연회, ARG
Warning Lv2:RPG\スキル関係\53_マガツヒスキル\MAGATSUHI_SKILL08_妖鬼_ 羅刹王の宴.ERB: at line 86:Function "@SKILL_QUICK_ACTION_MAGATSUHI_나찰왕의" contains an error in argument:Wrong argument format
@SKILL_QUICK_ACTION_MAGATSUHI_나찰왕의 연회, ARG
Warning Lv2:RPG\スキル関係\40_外部作品スキル\SKILL3635_DARKNESS TRIGGER.ERB: at line 385:Function "@INPUT_COM_ABLE_다크니스" contains an error in argument:Wrong argument format
@INPUT_COM_ABLE_다크니스 트리거, ARG
Warning Lv2:RPG\スキル関係\90_CSTR専用スキル\外部作品\アークナイツ\スルト\SKILLラグナロク（ＡＮ）.ERB: at line 523:Function "@INPUT_COM_ABLE_라그나로크" contains an error in argument:AN cannot be interpreted
@INPUT_COM_ABLE_라그나로크 (AN), ARG
Warning Lv2:RPG\スキル関係\90_CSTR専用スキル\外部作品\サムライスピリッツ\5423_首斬り破沙羅\SKILL首斬り破沙羅SO0_首斬り破沙羅修羅奥義.ERB: at line 486:Function "@INPUT_COM_ABLE__쿠비키리" contains an error in argument:Wrong argument format
@INPUT_COM_ABLE__쿠비키리 바사라 수라 오의, ARG
Warning Lv2:RPG\スキル関係\90_CSTR専用スキル\外部作品\超次元ゲイムネプテューヌ\デンゲキコ\SKILL_変身・覚醒！／スタービーナスビリビリーム.ERB: at line 456:Function "@INPUT_COM_ABLE_변신·각성" contains an error in argument:Wrong argument format
@INPUT_COM_ABLE_변신·각성!/스타 비너스 찌릿찌릿 빔, ARG
Warning Lv2:RPG\スキル関係\53_マガツヒスキル\MAGATSUHI_SKILL200_ピクシー族_妖精の悪戯.ERB: at line 108:Function "@SKILL_COND_MAGATSUHI_요정의" contains an error in argument:Wrong argument format
@SKILL_COND_MAGATSUHI_요정의 유희, ARG
Warning Lv2:RPG\スキル関係\90_CSTR専用スキル\外部作品\超次元ゲイムネプテューヌ\デンゲキコ\SKILL_変身・覚醒！／スタービーナスビリビリーム.ERB: at line 463:Function "@INPUT_COM_변신·각성" contains an error in argument:Wrong argument format
@INPUT_COM_변신·각성!/스타 비너스 찌릿찌릿 빔, ARG
Warning Lv2:RPG\スキル関係\40_外部作品スキル\SKILL3635_DARKNESS TRIGGER.ERB: at line 392:Function "@INPUT_COM_다크니스" contains an error in argument:Wrong argument format
@INPUT_COM_다크니스 트리거, ARG
Warning Lv2:RPG\スキル関係\53_マガツヒスキル\MAGATSUHI_SKILL201_アリスとお友達_呪いの濁流.ERB: at line 174:Function "@SKILL_COND_MAGATSUHI_저주의" contains an error in argument:Wrong argument format
@SKILL_COND_MAGATSUHI_저주의 탁류, ARG
Warning Lv2:RPG\スキル関係\90_CSTR専用スキル\外部作品\サムライスピリッツ\5423_首斬り破沙羅\SKILL首斬り破沙羅RO0_首斬り破沙羅羅刹奥義.ERB: at line 451:Function "@INPUT_COM_ABLE_쿠비키리" contains an error in argument:Wrong argument format
@INPUT_COM_ABLE_쿠비키리 바사라 나찰 오의, ARG
Warning Lv2:RPG\スキル関係\90_CSTR専用スキル\専用スキル\SKILL_デビチル_高城ゼット_浮遊する悪魔.ERB: at line 372:Function "@INPUT_COM_ABLE_부유하는" contains an error in argument:Wrong argument format
@INPUT_COM_ABLE_부유하는 악마, ARG
Warning Lv2:RPG\スキル関係\90_CSTR専用スキル\外部作品\エデンズリッター\SKILL_ER_エデンズフォース・オーバーロード.ERB: at line 113:Function "@INPUT_COM_ABLE_ER_에덴즈" contains an error in argument:Wrong argument format
@INPUT_COM_ABLE_ER_에덴즈 포스 오버로드, ARG
Warning Lv2:RPG\スキル関係\53_マガツヒスキル\MAGATSUHI_SKILL07_妖精_妖精王の宴.ERB: at line 90:Function "@SKILL_ACTIONABLE_BATTLE_MAGATSUHI_요정왕의" contains an error in argument:Wrong argument format
@SKILL_ACTIONABLE_BATTLE_MAGATSUHI_요정왕의 연회, ARG
Warning Lv2:RPG\スキル関係\53_マガツヒスキル\MAGATSUHI_SKILL100_拡張：修羅の一撃.ERB: at line 97:Function "@ACTION_MAGATSUHI_확장" contains an error in argument:Wrong argument format
@ACTION_MAGATSUHI_확장: 수라의 일격, ARG, ARG:1, ARG:2
Warning Lv2:RPG\スキル関係\53_マガツヒスキル\MAGATSUHI_SKILL17_邪神_貫く神気.ERB: at line 83:Function "@SKILL_NAME_MAGATSUHI_꿰뚫는" contains an error in argument:Wrong argument format
@SKILL_NAME_MAGATSUHI_꿰뚫는 신기, ARG
Warning Lv2:RPG\スキル関係\53_マガツヒスキル\MAGATSUHI_SKILL201_アリスとお友達_呪いの濁流.ERB: at line 186:Function "@ACTION_MAGATSUHI_저주의" contains an error in argument:Wrong argument format
@ACTION_MAGATSUHI_저주의 탁류, ARG, ARG:1, ARG:2
Warning Lv2:RPG\スキル関係\90_CSTR専用スキル\外部作品\専用スキル_FATE\FATE_鯖共通1_ノウブル・ファンタズム.ERB: at line 468:Function "@INPUT_COM_ABLE_노블" contains an error in argument:Wrong argument format
@INPUT_COM_ABLE_노블 판타즘, ARG
Warning Lv2:RPG\スキル関係\53_マガツヒスキル\MAGATSUHI_SKILL07_妖精_妖精王の宴.ERB: at line 79:Function "@SKILL_NAME_MAGATSUHI_요정왕의" contains an error in argument:Wrong argument format
@SKILL_NAME_MAGATSUHI_요정왕의 연회, ARG
Warning Lv2:RPG\スキル関係\90_CSTR専用スキル\外部作品\専用スキル_FATE\FATE_鯖共通1_ノウブル・ファンタズム.ERB: at line 475:Function "@INPUT_COM_노블" contains an error in argument:Wrong argument format
@INPUT_COM_노블 판타즘, ARG
Warning Lv2:RPG\スキル関係\90_CSTR専用スキル\外部作品\通常攻撃（原神）.ERB: at line 526:Function "@INPUT_COM_ABLE_아르케" contains an error in argument:Wrong argument format
@INPUT_COM_ABLE_아르케 체인지, ARG
Warning Lv2:RPG\スキル関係\53_マガツヒスキル\MAGATSUHI_SKILL17_邪神_貫く神気.ERB: at line 90:Function "@SKILL_QUICK_ACTION_MAGATSUHI_꿰뚫는" contains an error in argument:Wrong argument format
@SKILL_QUICK_ACTION_MAGATSUHI_꿰뚫는 신기, ARG
Warning Lv2:RPG\スキル関係\90_CSTR専用スキル\外部作品\エデンズリッター\SKILL_ER_エデンズフォース・オーバーロード.ERB: at line 120:Function "@INPUT_COM_ER_에덴즈" contains an error in argument:Wrong argument format
@INPUT_COM_ER_에덴즈 포스 오버로드, ARG
Warning Lv2:RPG\スキル関係\40_外部作品スキル\SKILL3600_デビルトリガー.ERB: at line 490:Function "@INPUT_COM_데빌" contains an error in argument:Wrong argument format
@INPUT_COM_데빌 트리거, ARG
Warning Lv2:RPG\スキル関係\90_CSTR専用スキル\外部作品\通常攻撃（原神）.ERB: at line 533:Function "@INPUT_COM_아르케" contains an error in argument:Wrong argument format
@INPUT_COM_아르케 체인지, ARG
Warning Lv2:RPG\スキル関係\53_マガツヒスキル\MAGATSUHI_SKILL201_アリスとお友達_呪いの濁流.ERB: at line 171:Function "@SKILL_NAME_MAGATSUHI_저주의" contains an error in argument:Wrong argument format
@SKILL_NAME_MAGATSUHI_저주의 탁류, ARG
Warning Lv2:RPG\スキル関係\90_CSTR専用スキル\外部作品\サムライスピリッツ\5423_首斬り破沙羅\SKILL首斬り破沙羅RO0_首斬り破沙羅羅刹奥義.ERB: at line 458:Function "@INPUT_COM_쿠비키리" contains an error in argument:Wrong argument format
@INPUT_COM_쿠비키리 바사라 나찰 오의, ARG
Warning Lv2:RPG\スキル関係\53_マガツヒスキル\MAGATSUHI_SKILL17_邪神_貫く神気.ERB: at line 86:Function "@SKILL_COND_MAGATSUHI_꿰뚫는" contains an error in argument:Wrong argument format
@SKILL_COND_MAGATSUHI_꿰뚫는 신기, ARG
Warning Lv2:RPG\スキル関係\53_マガツヒスキル\MAGATSUHI_SKILL200_ピクシー族_妖精の悪戯.ERB: at line 112:Function "@SKILL_QUICK_ACTION_MAGATSUHI_요정의" contains an error in argument:Wrong argument format
@SKILL_QUICK_ACTION_MAGATSUHI_요정의 유희, ARG
Warning Lv2:RPG\スキル関係\40_外部作品スキル\SKILL3545_リボン・ブースト.ERB: at line 397:Function "@INPUT_COM_ABLE_리본" contains an error in argument:Wrong argument format
@INPUT_COM_ABLE_리본 부스트, ARG
