Init:Start
File:Preload:Start
File:Preload:End 419ms
Proc:Init:Start 0ms
Proc:Init:Parser:Start 0ms
Proc:Init:Parser:End 0ms
Proc:Init:Image:Start 0ms
Proc:Init:Image:End 70ms
Proc:Init:KeyMacro:Start 70ms
Proc:Init:KeyMacro:End 70ms
Proc:Init:Replace:Start 70ms
Proc:Init:Replace:End 71ms
Proc:Init:Rename:Load:Start 212ms
Proc:Init:Rename:Load:End 221ms
Proc:Init:MainCSV:End 237ms
Proc:Init:EtcCSV:Start 237ms
Proc:Init:EtcCSV:End 321ms
Proc:Init:ERH:Start 338ms
Proc:Init:ERH:End 683ms
Proc:Init:ERB:Start 683ms
Proc:Init:ERB:End 7427ms
Proc:Init:End 7428ms
Init:End 8071ms
